#
# There is insufficient memory for the Java Runtime Environment to continue.
# Native memory allocation (mmap) failed to map 729808896 bytes. Error detail: G1 virtual space
# Possible reasons:
#   The system is out of physical RAM or swap space
#   This process is running with CompressedOops enabled, and the Java Heap may be blocking the growth of the native heap
# Possible solutions:
#   Reduce memory load on the system
#   Increase physical memory or swap space
#   Check if swap backing store is full
#   Decrease Java heap size (-Xmx/-Xms)
#   Decrease number of Java threads
#   Decrease Java thread stack sizes (-Xss)
#   Set larger code cache with -XX:ReservedCodeCacheSize=
#   JVM is running with Zero Based Compressed Oops mode in which the Java heap is
#     placed in the first 32GB address space. The Java Heap base address is the
#     maximum limit for the native heap growth. Please use -XX:HeapBaseMinAddress
#     to set the Java Heap base and to place the Java Heap above 32GB virtual address.
# This output file may be truncated or incomplete.
#
#  Out of Memory Error (os_windows.cpp:3713), pid=10460, tid=23724
#
# JRE version: OpenJDK Runtime Environment Temurin-21.0.9+10 (21.0.9+10) (build 21.0.9+10-LTS)
# Java VM: OpenJDK 64-Bit Server VM Temurin-21.0.9+10 (21.0.9+10-LTS, mixed mode, sharing, tiered, compressed oops, compressed class ptrs, g1 gc, windows-amd64)
# No core dump will be written. Minidumps are not enabled by default on client versions of Windows
#

---------------  S U M M A R Y ------------

Command Line: --add-opens=java.base/java.util=ALL-UNNAMED --add-opens=java.base/java.lang=ALL-UNNAMED --add-opens=java.base/java.lang.invoke=ALL-UNNAMED --add-opens=java.prefs/java.util.prefs=ALL-UNNAMED --add-opens=java.base/java.nio.charset=ALL-UNNAMED --add-opens=java.base/java.net=ALL-UNNAMED --add-opens=java.base/java.util.concurrent.atomic=ALL-UNNAMED -Xmx3G -Dfile.encoding=UTF-8 -Duser.country=FR -Duser.language=fr -Duser.variant -javaagent:C:\Users\Seusyn\.gradle\wrapper\dists\gradle-8.8-bin\dl7vupf4psengwqhwktix4v1\gradle-8.8\lib\agents\gradle-instrumentation-agent-8.8.jar org.gradle.launcher.daemon.bootstrap.GradleDaemon 8.8

Host: Intel(R) Celeron(R) G4900 CPU @ 3.10GHz, 2 cores, 15G,  Windows 10 , 64 bit Build 19041 (10.0.19041.5915)
Time: Thu May  7 07:34:35 2026 elapsed time: 54.514299 seconds (0d 0h 0m 54s)

---------------  T H R E A D  ---------------

Current thread (0x000002b0d1cb5d40):  VMThread "VM Thread"          [id=23724, stack(0x000000f499200000,0x000000f499300000) (1024K)]

Stack: [0x000000f499200000,0x000000f499300000]
Native frames: (J=compiled Java code, j=interpreted, Vv=VM code, C=native code)
V  [jvm.dll+0x6d6e29]
V  [jvm.dll+0x8b4b76]
V  [jvm.dll+0x8b712e]
V  [jvm.dll+0x8b7813]
V  [jvm.dll+0x283d86]
V  [jvm.dll+0x6d3745]
V  [jvm.dll+0x6c747a]
V  [jvm.dll+0x35e7e8]
V  [jvm.dll+0x366426]
V  [jvm.dll+0x3b73fe]
V  [jvm.dll+0x3b76a8]
V  [jvm.dll+0x3329ec]
V  [jvm.dll+0x332a77]
V  [jvm.dll+0x37684c]
V  [jvm.dll+0x374fee]
V  [jvm.dll+0x332131]
V  [jvm.dll+0x37465a]
V  [jvm.dll+0x8bd500]
V  [jvm.dll+0x8be8a4]
V  [jvm.dll+0x8bede0]
V  [jvm.dll+0x8bf083]
V  [jvm.dll+0x85e9ad]
V  [jvm.dll+0x6d565d]
C  [ucrtbase.dll+0x21bb2]
C  [KERNEL32.DLL+0x17374]
C  [ntdll.dll+0x4cc91]

VM_Operation (0x000000f49c7f99d0): G1CollectForAllocation, mode: safepoint, requested by thread 0x000002b119b44460


---------------  P R O C E S S  ---------------

Threads class SMR info:
_java_thread_list=0x000002b11806e2e0, length=58, elements={
0x000002b0b4840a00, 0x000002b0d1cd23a0, 0x000002b0d1cd5370, 0x000002b0d1cd70e0,
0x000002b0d1cd7b30, 0x000002b0d1cd9590, 0x000002b0d1cda260, 0x000002b0d1cdafe0,
0x000002b0d1d4c230, 0x000002b117164930, 0x000002b117216c80, 0x000002b1189ea5f0,
0x000002b118bb2ca0, 0x000002b118b76040, 0x000002b118b3e930, 0x000002b118b40fa0,
0x000002b118b41a90, 0x000002b118b420f0, 0x000002b118a7d570, 0x000002b118a7c850,
0x000002b118a7dc00, 0x000002b118a7cee0, 0x000002b118a7e290, 0x000002b118a7fcd0,
0x000002b118a7e920, 0x000002b118a7efb0, 0x000002b118a7f640, 0x000002b11af2a390,
0x000002b11af2caf0, 0x000002b11af2b0b0, 0x000002b11af2aa20, 0x000002b11af2d180,
0x000002b11af2b740, 0x000002b11ac36480, 0x000002b11ac39900, 0x000002b11ac3a620,
0x000002b11ac371a0, 0x000002b11ac3b9d0, 0x000002b11ac39f90, 0x000002b11ac3acb0,
0x000002b11ac3c060, 0x000002b11ac38be0, 0x000002b119b44af0, 0x000002b119b42390,
0x000002b119b41d00, 0x000002b119b3fc30, 0x000002b119b45180, 0x000002b119b43740,
0x000002b119b43dd0, 0x000002b119b45810, 0x000002b119b46530, 0x000002b119b44460,
0x000002b119b3f5a0, 0x000002b119b40fe0, 0x000002b119b402c0, 0x000002b119b41670,
0x000002b1187e1830, 0x000002b1187e1ec0
}

Java Threads: ( => current thread )
  0x000002b0b4840a00 JavaThread "main"                              [_thread_blocked, id=20968, stack(0x000000f498b00000,0x000000f498c00000) (1024K)]
  0x000002b0d1cd23a0 JavaThread "Reference Handler"          daemon [_thread_blocked, id=16836, stack(0x000000f499300000,0x000000f499400000) (1024K)]
  0x000002b0d1cd5370 JavaThread "Finalizer"                  daemon [_thread_blocked, id=15624, stack(0x000000f499400000,0x000000f499500000) (1024K)]
  0x000002b0d1cd70e0 JavaThread "Signal Dispatcher"          daemon [_thread_blocked, id=1128, stack(0x000000f499500000,0x000000f499600000) (1024K)]
  0x000002b0d1cd7b30 JavaThread "Attach Listener"            daemon [_thread_blocked, id=17552, stack(0x000000f499600000,0x000000f499700000) (1024K)]
  0x000002b0d1cd9590 JavaThread "Service Thread"             daemon [_thread_blocked, id=22216, stack(0x000000f499700000,0x000000f499800000) (1024K)]
  0x000002b0d1cda260 JavaThread "Monitor Deflation Thread"   daemon [_thread_blocked, id=18116, stack(0x000000f499800000,0x000000f499900000) (1024K)]
  0x000002b0d1cdafe0 JavaThread "C2 CompilerThread0"         daemon [_thread_blocked, id=21076, stack(0x000000f499900000,0x000000f499a00000) (1024K)]
  0x000002b0d1d4c230 JavaThread "C1 CompilerThread0"         daemon [_thread_blocked, id=4408, stack(0x000000f499a00000,0x000000f499b00000) (1024K)]
  0x000002b117164930 JavaThread "Common-Cleaner"             daemon [_thread_blocked, id=4456, stack(0x000000f499b00000,0x000000f499c00000) (1024K)]
  0x000002b117216c80 JavaThread "Notification Thread"        daemon [_thread_blocked, id=3748, stack(0x000000f499c00000,0x000000f499d00000) (1024K)]
  0x000002b1189ea5f0 JavaThread "Daemon health stats"               [_thread_blocked, id=18372, stack(0x000000f499e00000,0x000000f499f00000) (1024K)]
  0x000002b118bb2ca0 JavaThread "Incoming local TCP Connector on port 52237"        [_thread_in_native, id=7044, stack(0x000000f499f00000,0x000000f49a000000) (1024K)]
  0x000002b118b76040 JavaThread "Daemon periodic checks"            [_thread_blocked, id=21932, stack(0x000000f49a000000,0x000000f49a100000) (1024K)]
  0x000002b118b3e930 JavaThread "Daemon"                            [_thread_blocked, id=23420, stack(0x000000f49a100000,0x000000f49a200000) (1024K)]
  0x000002b118b40fa0 JavaThread "Handler for socket connection from /127.0.0.1:52237 to /127.0.0.1:52239"        [_thread_in_native, id=18804, stack(0x000000f49a200000,0x000000f49a300000) (1024K)]
  0x000002b118b41a90 JavaThread "Cancel handler"                    [_thread_blocked, id=4372, stack(0x000000f49a300000,0x000000f49a400000) (1024K)]
  0x000002b118b420f0 JavaThread "Daemon worker"                     [_thread_blocked, id=20624, stack(0x000000f49a400000,0x000000f49a500000) (1024K)]
  0x000002b118a7d570 JavaThread "Asynchronous log dispatcher for DefaultDaemonConnection: socket connection from /127.0.0.1:52237 to /127.0.0.1:52239"        [_thread_blocked, id=15288, stack(0x000000f49a500000,0x000000f49a600000) (1024K)]
  0x000002b118a7c850 JavaThread "Stdin handler"                     [_thread_blocked, id=23456, stack(0x000000f49a600000,0x000000f49a700000) (1024K)]
  0x000002b118a7dc00 JavaThread "Daemon client event forwarder"        [_thread_blocked, id=11932, stack(0x000000f49a700000,0x000000f49a800000) (1024K)]
  0x000002b118a7cee0 JavaThread "Cache worker for journal cache (C:\Users\Seusyn\.gradle\caches\journal-1)"        [_thread_blocked, id=14320, stack(0x000000f49a800000,0x000000f49a900000) (1024K)]
  0x000002b118a7e290 JavaThread "File lock request listener"        [_thread_in_native, id=13184, stack(0x000000f49a900000,0x000000f49aa00000) (1024K)]
  0x000002b118a7fcd0 JavaThread "Cache worker for file hash cache (C:\Users\Seusyn\.gradle\caches\8.8\fileHashes)"        [_thread_blocked, id=15312, stack(0x000000f49aa00000,0x000000f49ab00000) (1024K)]
  0x000002b118a7e920 JavaThread "Cache worker for file hash cache (C:\Users\Seusyn\Documents\Magius World\.gradle\8.8\fileHashes)"        [_thread_blocked, id=23576, stack(0x000000f49ab00000,0x000000f49ac00000) (1024K)]
  0x000002b118a7efb0 JavaThread "File watcher server"        daemon [_thread_blocked, id=20060, stack(0x000000f49ac00000,0x000000f49ad00000) (1024K)]
  0x000002b118a7f640 JavaThread "File watcher consumer"      daemon [_thread_blocked, id=22060, stack(0x000000f49ad00000,0x000000f49ae00000) (1024K)]
  0x000002b11af2a390 JavaThread "Cache worker for checksums cache (C:\Users\Seusyn\Documents\Magius World\.gradle\8.8\checksums)"        [_thread_blocked, id=18980, stack(0x000000f49ae00000,0x000000f49af00000) (1024K)]
  0x000002b11af2caf0 JavaThread "Cache worker for file content cache (C:\Users\Seusyn\.gradle\caches\8.8\fileContent)"        [_thread_blocked, id=23048, stack(0x000000f49af00000,0x000000f49b000000) (1024K)]
  0x000002b11af2b0b0 JavaThread "Cache worker for cache directory md-rule (C:\Users\Seusyn\.gradle\caches\8.8\md-rule)"        [_thread_blocked, id=15416, stack(0x000000f49b000000,0x000000f49b100000) (1024K)]
  0x000002b11af2aa20 JavaThread "Cache worker for cache directory md-supplier (C:\Users\Seusyn\.gradle\caches\8.8\md-supplier)"        [_thread_blocked, id=16976, stack(0x000000f49b100000,0x000000f49b200000) (1024K)]
  0x000002b11af2d180 JavaThread "jar transforms"                    [_thread_blocked, id=7940, stack(0x000000f49b200000,0x000000f49b300000) (1024K)]
  0x000002b11af2b740 JavaThread "jar transforms Thread 2"           [_thread_blocked, id=17164, stack(0x000000f49b300000,0x000000f49b400000) (1024K)]
  0x000002b11ac36480 JavaThread "Unconstrained build operations"        [_thread_blocked, id=5920, stack(0x000000f49b400000,0x000000f49b500000) (1024K)]
  0x000002b11ac39900 JavaThread "Unconstrained build operations Thread 2"        [_thread_blocked, id=3380, stack(0x000000f49b500000,0x000000f49b600000) (1024K)]
  0x000002b11ac3a620 JavaThread "Unconstrained build operations Thread 3"        [_thread_blocked, id=24000, stack(0x000000f49b600000,0x000000f49b700000) (1024K)]
  0x000002b11ac371a0 JavaThread "Unconstrained build operations Thread 4"        [_thread_blocked, id=13380, stack(0x000000f49b700000,0x000000f49b800000) (1024K)]
  0x000002b11ac3b9d0 JavaThread "gradle-enterprise-worker-0"        [_thread_blocked, id=23788, stack(0x000000f49b800000,0x000000f49b900000) (1024K)]
  0x000002b11ac39f90 JavaThread "Cache worker for Build Output Cleanup Cache (C:\Users\Seusyn\Documents\Magius World\.gradle\buildOutputCleanup)"        [_thread_blocked, id=23780, stack(0x000000f49b900000,0x000000f49ba00000) (1024K)]
  0x000002b11ac3acb0 JavaThread "Unconstrained build operations Thread 5"        [_thread_blocked, id=21832, stack(0x000000f49ba00000,0x000000f49bb00000) (1024K)]
  0x000002b11ac3c060 JavaThread "Unconstrained build operations Thread 6"        [_thread_blocked, id=19480, stack(0x000000f49bb00000,0x000000f49bc00000) (1024K)]
  0x000002b11ac38be0 JavaThread "Unconstrained build operations Thread 7"        [_thread_blocked, id=10168, stack(0x000000f49bc00000,0x000000f49bd00000) (1024K)]
  0x000002b119b44af0 JavaThread "Memory manager"                    [_thread_blocked, id=8292, stack(0x000000f49be00000,0x000000f49bf00000) (1024K)]
  0x000002b119b42390 JavaThread "Unconstrained build operations Thread 8"        [_thread_blocked, id=4320, stack(0x000000f49bf00000,0x000000f49c000000) (1024K)]
  0x000002b119b41d00 JavaThread "Unconstrained build operations Thread 9"        [_thread_blocked, id=8412, stack(0x000000f49c000000,0x000000f49c100000) (1024K)]
  0x000002b119b3fc30 JavaThread "Unconstrained build operations Thread 10"        [_thread_blocked, id=14644, stack(0x000000f49c100000,0x000000f49c200000) (1024K)]
  0x000002b119b45180 JavaThread "ForkJoinPool.commonPool-worker-1" daemon [_thread_blocked, id=12752, stack(0x000000f49c200000,0x000000f49c300000) (1024K)]
  0x000002b119b43740 JavaThread "Exec process"                      [_thread_blocked, id=2944, stack(0x000000f49c300000,0x000000f49c400000) (1024K)]
  0x000002b119b43dd0 JavaThread "Exec process Thread 2"             [_thread_blocked, id=7912, stack(0x000000f49c400000,0x000000f49c500000) (1024K)]
  0x000002b119b45810 JavaThread "Exec process Thread 3"             [_thread_blocked, id=12368, stack(0x000000f49c500000,0x000000f49c600000) (1024K)]
  0x000002b119b46530 JavaThread "included builds"                   [_thread_blocked, id=21984, stack(0x000000f49c600000,0x000000f49c700000) (1024K)]
  0x000002b119b44460 JavaThread "Execution worker"                  [_thread_blocked, id=6908, stack(0x000000f49c700000,0x000000f49c800000) (1024K)]
  0x000002b119b3f5a0 JavaThread "Cache worker for execution history cache (C:\Users\Seusyn\Documents\Magius World\.gradle\8.8\executionHistory)"        [_thread_blocked, id=15464, stack(0x000000f49c800000,0x000000f49c900000) (1024K)]
  0x000002b119b40fe0 JavaThread "Unconstrained build operations Thread 11"        [_thread_blocked, id=1196, stack(0x000000f49bd00000,0x000000f49be00000) (1024K)]
  0x000002b119b402c0 JavaThread "Cache worker for Java compile cache (C:\Users\Seusyn\.gradle\caches\8.8\javaCompile)"        [_thread_blocked, id=23220, stack(0x000000f49c900000,0x000000f49ca00000) (1024K)]
  0x000002b119b41670 JavaThread "Build operations"                  [_thread_blocked, id=10928, stack(0x000000f49ca00000,0x000000f49cb00000) (1024K)]
  0x000002b1187e1830 JavaThread "Exec process Thread 4"             [_thread_blocked, id=8452, stack(0x000000f49cd00000,0x000000f49ce00000) (1024K)]
  0x000002b1187e1ec0 JavaThread "Unconstrained build operations Thread 12"        [_thread_blocked, id=22240, stack(0x000000f49cb00000,0x000000f49cc00000) (1024K)]
Total: 58

Other Threads:
=>0x000002b0d1cb5d40 VMThread "VM Thread"                           [id=23724, stack(0x000000f499200000,0x000000f499300000) (1024K)]
  0x000002b0d1ca2e00 WatcherThread "VM Periodic Task Thread"        [id=14268, stack(0x000000f499100000,0x000000f499200000) (1024K)]
  0x000002b0b48932c0 WorkerThread "GC Thread#0"                     [id=9736, stack(0x000000f498c00000,0x000000f498d00000) (1024K)]
  0x000002b11753a370 WorkerThread "GC Thread#1"                     [id=20012, stack(0x000000f499d00000,0x000000f499e00000) (1024K)]
  0x000002b0b48a01b0 ConcurrentGCThread "G1 Main Marker"            [id=20264, stack(0x000000f498d00000,0x000000f498e00000) (1024K)]
  0x000002b0b48a0bc0 WorkerThread "G1 Conc#0"                       [id=7364, stack(0x000000f498e00000,0x000000f498f00000) (1024K)]
  0x000002b0b490ea70 ConcurrentGCThread "G1 Refine#0"               [id=15156, stack(0x000000f498f00000,0x000000f499000000) (1024K)]
  0x000002b0d1b76620 ConcurrentGCThread "G1 Service"                [id=15912, stack(0x000000f499000000,0x000000f499100000) (1024K)]
Total: 8

Threads with active compile tasks:
Total: 0

VM state: at safepoint (normal execution)

VM Mutex/Monitor currently owned by a thread:  ([mutex/lock_event])
[0x00007ffde29bd570] Threads_lock - owner thread: 0x000002b0d1cb5d40
[0x00007ffde29bd670] Heap_lock - owner thread: 0x000002b119b44460

Heap address: 0x0000000740000000, size: 3072 MB, Compressed Oops mode: Zero based, Oop shift amount: 3

CDS archive(s) mapped at: [0x000002b0d2000000-0x000002b0d2c80000-0x000002b0d2c80000), size 13107200, SharedBaseAddress: 0x000002b0d2000000, ArchiveRelocationMode: 1.
Compressed class space mapped at: 0x000002b0d3000000-0x000002b113000000, reserved size: 1073741824
Narrow klass base: 0x000002b0d2000000, Narrow klass shift: 0, Narrow klass range: 0x100000000

GC Precious Log:
 CardTable entry size: 512
 Card Set container configuration: InlinePtr #cards 4 size 8 Array Of Cards #cards 16 size 48 Howl #buckets 8 coarsen threshold 3686 Howl Bitmap #cards 512 size 80 coarsen threshold 460 Card regions per heap region 1 cards per card region 4096
 CPUs: 2 total, 2 available
 Memory: 16251M
 Large Page Support: Disabled
 NUMA Support: Disabled
 Compressed Oops: Enabled (Zero based)
 Heap Region Size: 2M
 Heap Min Capacity: 8M
 Heap Initial Capacity: 254M
 Heap Max Capacity: 3G
 Pre-touch: Disabled
 Parallel Workers: 2
 Concurrent Workers: 1
 Concurrent Refinement Workers: 2
 Periodic GC: Disabled

Heap:
 garbage-first heap   total 356352K, used 245760K [0x0000000740000000, 0x0000000800000000)
  region size 2048K, 5 young (10240K), 5 survivors (10240K)
 Metaspace       used 82025K, committed 84224K, reserved 1179648K
  class space    used 11900K, committed 12992K, reserved 1048576K

Heap Regions: E=young(eden), S=young(survivor), O=old, HS=humongous(starts), HC=humongous(continues), CS=collection set, F=free, TAMS=top-at-mark-start, PB=parsable bottom
|   0|0x0000000740000000, 0x0000000740200000, 0x0000000740200000|100%|HS|  |TAMS 0x0000000740000000| PB 0x0000000740000000| Complete 
|   1|0x0000000740200000, 0x0000000740400000, 0x0000000740400000|100%|HC|  |TAMS 0x0000000740200000| PB 0x0000000740200000| Complete 
|   2|0x0000000740400000, 0x0000000740600000, 0x0000000740600000|100%| O|  |TAMS 0x0000000740400000| PB 0x0000000740400000| Untracked 
|   3|0x0000000740600000, 0x0000000740800000, 0x0000000740800000|100%| O|  |TAMS 0x0000000740600000| PB 0x0000000740600000| Untracked 
|   4|0x0000000740800000, 0x0000000740a00000, 0x0000000740a00000|100%| O|  |TAMS 0x0000000740800000| PB 0x0000000740800000| Untracked 
|   5|0x0000000740a00000, 0x0000000740c00000, 0x0000000740c00000|100%| O|  |TAMS 0x0000000740a00000| PB 0x0000000740a00000| Untracked 
|   6|0x0000000740c00000, 0x0000000740e00000, 0x0000000740e00000|100%| O|  |TAMS 0x0000000740c00000| PB 0x0000000740c00000| Untracked 
|   7|0x0000000740e00000, 0x0000000741000000, 0x0000000741000000|100%| O|  |TAMS 0x0000000740e00000| PB 0x0000000740e00000| Untracked 
|   8|0x0000000741000000, 0x0000000741200000, 0x0000000741200000|100%| O|  |TAMS 0x0000000741000000| PB 0x0000000741000000| Untracked 
|   9|0x0000000741200000, 0x0000000741400000, 0x0000000741400000|100%| O|  |TAMS 0x0000000741200000| PB 0x0000000741200000| Untracked 
|  10|0x0000000741400000, 0x0000000741600000, 0x0000000741600000|100%| O|  |TAMS 0x0000000741400000| PB 0x0000000741400000| Untracked 
|  11|0x0000000741600000, 0x0000000741800000, 0x0000000741800000|100%| O|  |TAMS 0x0000000741600000| PB 0x0000000741600000| Untracked 
|  12|0x0000000741800000, 0x0000000741a00000, 0x0000000741a00000|100%| O|  |TAMS 0x0000000741800000| PB 0x0000000741800000| Untracked 
|  13|0x0000000741a00000, 0x0000000741c00000, 0x0000000741c00000|100%| O|  |TAMS 0x0000000741a00000| PB 0x0000000741a00000| Untracked 
|  14|0x0000000741c00000, 0x0000000741e00000, 0x0000000741e00000|100%| O|  |TAMS 0x0000000741c00000| PB 0x0000000741c00000| Untracked 
|  15|0x0000000741e00000, 0x0000000742000000, 0x0000000742000000|100%| O|  |TAMS 0x0000000741e00000| PB 0x0000000741e00000| Untracked 
|  16|0x0000000742000000, 0x0000000742200000, 0x0000000742200000|100%| O|  |TAMS 0x0000000742000000| PB 0x0000000742000000| Untracked 
|  17|0x0000000742200000, 0x0000000742400000, 0x0000000742400000|100%| O|  |TAMS 0x0000000742200000| PB 0x0000000742200000| Untracked 
|  18|0x0000000742400000, 0x0000000742600000, 0x0000000742600000|100%| O|  |TAMS 0x0000000742400000| PB 0x0000000742400000| Untracked 
|  19|0x0000000742600000, 0x0000000742800000, 0x0000000742800000|100%| O|  |TAMS 0x0000000742600000| PB 0x0000000742600000| Untracked 
|  20|0x0000000742800000, 0x0000000742a00000, 0x0000000742a00000|100%| O|  |TAMS 0x0000000742800000| PB 0x0000000742800000| Untracked 
|  21|0x0000000742a00000, 0x0000000742c00000, 0x0000000742c00000|100%| O|  |TAMS 0x0000000742a00000| PB 0x0000000742a00000| Untracked 
|  22|0x0000000742c00000, 0x0000000742e00000, 0x0000000742e00000|100%| O|  |TAMS 0x0000000742c00000| PB 0x0000000742c00000| Untracked 
|  23|0x0000000742e00000, 0x0000000743000000, 0x0000000743000000|100%|HS|  |TAMS 0x0000000742e00000| PB 0x0000000742e00000| Complete 
|  24|0x0000000743000000, 0x0000000743200000, 0x0000000743200000|100%| O|  |TAMS 0x0000000743000000| PB 0x0000000743000000| Untracked 
|  25|0x0000000743200000, 0x0000000743400000, 0x0000000743400000|100%| O|  |TAMS 0x0000000743200000| PB 0x0000000743200000| Untracked 
|  26|0x0000000743400000, 0x0000000743600000, 0x0000000743600000|100%| O|  |TAMS 0x0000000743400000| PB 0x0000000743400000| Untracked 
|  27|0x0000000743600000, 0x0000000743800000, 0x0000000743800000|100%| O|  |TAMS 0x0000000743600000| PB 0x0000000743600000| Untracked 
|  28|0x0000000743800000, 0x0000000743a00000, 0x0000000743a00000|100%| O|  |TAMS 0x0000000743800000| PB 0x0000000743800000| Untracked 
|  29|0x0000000743a00000, 0x0000000743c00000, 0x0000000743c00000|100%| O|  |TAMS 0x0000000743a00000| PB 0x0000000743a00000| Untracked 
|  30|0x0000000743c00000, 0x0000000743e00000, 0x0000000743e00000|100%| O|  |TAMS 0x0000000743c00000| PB 0x0000000743c00000| Untracked 
|  31|0x0000000743e00000, 0x0000000744000000, 0x0000000744000000|100%| O|  |TAMS 0x0000000743e00000| PB 0x0000000743e00000| Untracked 
|  32|0x0000000744000000, 0x0000000744200000, 0x0000000744200000|100%| O|  |TAMS 0x0000000744000000| PB 0x0000000744000000| Untracked 
|  33|0x0000000744200000, 0x0000000744400000, 0x0000000744400000|100%| O|  |TAMS 0x0000000744200000| PB 0x0000000744200000| Untracked 
|  34|0x0000000744400000, 0x0000000744600000, 0x0000000744600000|100%| O|  |TAMS 0x0000000744400000| PB 0x0000000744400000| Untracked 
|  35|0x0000000744600000, 0x0000000744800000, 0x0000000744800000|100%| O|  |TAMS 0x0000000744600000| PB 0x0000000744600000| Untracked 
|  36|0x0000000744800000, 0x0000000744a00000, 0x0000000744a00000|100%| O|  |TAMS 0x0000000744800000| PB 0x0000000744800000| Untracked 
|  37|0x0000000744a00000, 0x0000000744c00000, 0x0000000744c00000|100%| O|  |TAMS 0x0000000744a00000| PB 0x0000000744a00000| Untracked 
|  38|0x0000000744c00000, 0x0000000744e00000, 0x0000000744e00000|100%| O|  |TAMS 0x0000000744c00000| PB 0x0000000744c00000| Untracked 
|  39|0x0000000744e00000, 0x0000000745000000, 0x0000000745000000|100%| O|  |TAMS 0x0000000744e00000| PB 0x0000000744e00000| Untracked 
|  40|0x0000000745000000, 0x0000000745000000, 0x0000000745200000|  0%| F|  |TAMS 0x0000000745000000| PB 0x0000000745000000| Untracked 
|  41|0x0000000745200000, 0x0000000745400000, 0x0000000745400000|100%| O|  |TAMS 0x0000000745200000| PB 0x0000000745200000| Untracked 
|  42|0x0000000745400000, 0x0000000745600000, 0x0000000745600000|100%| O|  |TAMS 0x0000000745400000| PB 0x0000000745400000| Untracked 
|  43|0x0000000745600000, 0x0000000745800000, 0x0000000745800000|100%| O|  |TAMS 0x0000000745600000| PB 0x0000000745600000| Untracked 
|  44|0x0000000745800000, 0x0000000745a00000, 0x0000000745a00000|100%| O|  |TAMS 0x0000000745800000| PB 0x0000000745800000| Untracked 
|  45|0x0000000745a00000, 0x0000000745c00000, 0x0000000745c00000|100%| O|  |TAMS 0x0000000745a00000| PB 0x0000000745a00000| Untracked 
|  46|0x0000000745c00000, 0x0000000745e00000, 0x0000000745e00000|100%| O|  |TAMS 0x0000000745c00000| PB 0x0000000745c00000| Untracked 
|  47|0x0000000745e00000, 0x0000000746000000, 0x0000000746000000|100%| O|  |TAMS 0x0000000745e00000| PB 0x0000000745e00000| Untracked 
|  48|0x0000000746000000, 0x0000000746200000, 0x0000000746200000|100%| O|  |TAMS 0x0000000746000000| PB 0x0000000746000000| Untracked 
|  49|0x0000000746200000, 0x0000000746400000, 0x0000000746400000|100%| O|  |TAMS 0x0000000746200000| PB 0x0000000746200000| Untracked 
|  50|0x0000000746400000, 0x0000000746600000, 0x0000000746600000|100%| O|  |TAMS 0x0000000746400000| PB 0x0000000746400000| Untracked 
|  51|0x0000000746600000, 0x0000000746800000, 0x0000000746800000|100%| O|  |TAMS 0x0000000746600000| PB 0x0000000746600000| Untracked 
|  52|0x0000000746800000, 0x0000000746800000, 0x0000000746a00000|  0%| F|  |TAMS 0x0000000746800000| PB 0x0000000746800000| Untracked 
|  53|0x0000000746a00000, 0x0000000746a00000, 0x0000000746c00000|  0%| F|  |TAMS 0x0000000746a00000| PB 0x0000000746a00000| Untracked 
|  54|0x0000000746c00000, 0x0000000746c00000, 0x0000000746e00000|  0%| F|  |TAMS 0x0000000746c00000| PB 0x0000000746c00000| Untracked 
|  55|0x0000000746e00000, 0x0000000747000000, 0x0000000747000000|100%| O|  |TAMS 0x0000000746e00000| PB 0x0000000746e00000| Untracked 
|  56|0x0000000747000000, 0x0000000747200000, 0x0000000747200000|100%| O|  |TAMS 0x0000000747000000| PB 0x0000000747000000| Untracked 
|  57|0x0000000747200000, 0x0000000747400000, 0x0000000747400000|100%| O|  |TAMS 0x0000000747200000| PB 0x0000000747200000| Untracked 
|  58|0x0000000747400000, 0x0000000747600000, 0x0000000747600000|100%| O|  |TAMS 0x0000000747400000| PB 0x0000000747400000| Untracked 
|  59|0x0000000747600000, 0x0000000747800000, 0x0000000747800000|100%| O|  |TAMS 0x0000000747600000| PB 0x0000000747600000| Untracked 
|  60|0x0000000747800000, 0x0000000747800000, 0x0000000747a00000|  0%| F|  |TAMS 0x0000000747800000| PB 0x0000000747800000| Untracked 
|  61|0x0000000747a00000, 0x0000000747c00000, 0x0000000747c00000|100%| O|  |TAMS 0x0000000747a00000| PB 0x0000000747a00000| Untracked 
|  62|0x0000000747c00000, 0x0000000747e00000, 0x0000000747e00000|100%| O|  |TAMS 0x0000000747c00000| PB 0x0000000747c00000| Untracked 
|  63|0x0000000747e00000, 0x0000000748000000, 0x0000000748000000|100%| O|  |TAMS 0x0000000747e00000| PB 0x0000000747e00000| Untracked 
|  64|0x0000000748000000, 0x0000000748200000, 0x0000000748200000|100%| O|  |TAMS 0x0000000748000000| PB 0x0000000748000000| Untracked 
|  65|0x0000000748200000, 0x0000000748400000, 0x0000000748400000|100%| O|  |TAMS 0x0000000748200000| PB 0x0000000748200000| Untracked 
|  66|0x0000000748400000, 0x0000000748600000, 0x0000000748600000|100%| O|  |TAMS 0x0000000748400000| PB 0x0000000748400000| Untracked 
|  67|0x0000000748600000, 0x0000000748800000, 0x0000000748800000|100%| O|  |TAMS 0x0000000748600000| PB 0x0000000748600000| Untracked 
|  68|0x0000000748800000, 0x0000000748a00000, 0x0000000748a00000|100%| O|  |TAMS 0x0000000748800000| PB 0x0000000748800000| Untracked 
|  69|0x0000000748a00000, 0x0000000748c00000, 0x0000000748c00000|100%| O|  |TAMS 0x0000000748a00000| PB 0x0000000748a00000| Untracked 
|  70|0x0000000748c00000, 0x0000000748e00000, 0x0000000748e00000|100%| O|  |TAMS 0x0000000748c00000| PB 0x0000000748c00000| Untracked 
|  71|0x0000000748e00000, 0x0000000748e00000, 0x0000000749000000|  0%| F|  |TAMS 0x0000000748e00000| PB 0x0000000748e00000| Untracked 
|  72|0x0000000749000000, 0x0000000749200000, 0x0000000749200000|100%| O|  |TAMS 0x0000000749000000| PB 0x0000000749000000| Untracked 
|  73|0x0000000749200000, 0x0000000749200000, 0x0000000749400000|  0%| F|  |TAMS 0x0000000749200000| PB 0x0000000749200000| Untracked 
|  74|0x0000000749400000, 0x0000000749600000, 0x0000000749600000|100%| O|  |TAMS 0x0000000749400000| PB 0x0000000749400000| Untracked 
|  75|0x0000000749600000, 0x0000000749800000, 0x0000000749800000|100%| O|  |TAMS 0x0000000749600000| PB 0x0000000749600000| Untracked 
|  76|0x0000000749800000, 0x0000000749a00000, 0x0000000749a00000|100%| O|  |TAMS 0x0000000749800000| PB 0x0000000749800000| Untracked 
|  77|0x0000000749a00000, 0x0000000749c00000, 0x0000000749c00000|100%| O|  |TAMS 0x0000000749a00000| PB 0x0000000749a00000| Untracked 
|  78|0x0000000749c00000, 0x0000000749e00000, 0x0000000749e00000|100%| O|  |TAMS 0x0000000749c00000| PB 0x0000000749c00000| Untracked 
|  79|0x0000000749e00000, 0x000000074a000000, 0x000000074a000000|100%| O|  |TAMS 0x0000000749e00000| PB 0x0000000749e00000| Untracked 
|  80|0x000000074a000000, 0x000000074a200000, 0x000000074a200000|100%| O|  |TAMS 0x000000074a000000| PB 0x000000074a000000| Untracked 
|  81|0x000000074a200000, 0x000000074a400000, 0x000000074a400000|100%| O|  |TAMS 0x000000074a200000| PB 0x000000074a200000| Untracked 
|  82|0x000000074a400000, 0x000000074a600000, 0x000000074a600000|100%| O|  |TAMS 0x000000074a400000| PB 0x000000074a400000| Untracked 
|  83|0x000000074a600000, 0x000000074a800000, 0x000000074a800000|100%| O|  |TAMS 0x000000074a600000| PB 0x000000074a600000| Untracked 
|  84|0x000000074a800000, 0x000000074aa00000, 0x000000074aa00000|100%| O|  |TAMS 0x000000074a800000| PB 0x000000074a800000| Untracked 
|  85|0x000000074aa00000, 0x000000074ac00000, 0x000000074ac00000|100%| O|  |TAMS 0x000000074aa00000| PB 0x000000074aa00000| Untracked 
|  86|0x000000074ac00000, 0x000000074ac00000, 0x000000074ae00000|  0%| F|  |TAMS 0x000000074ac00000| PB 0x000000074ac00000| Untracked 
|  87|0x000000074ae00000, 0x000000074ae00000, 0x000000074b000000|  0%| F|  |TAMS 0x000000074ae00000| PB 0x000000074ae00000| Untracked 
|  88|0x000000074b000000, 0x000000074b000000, 0x000000074b200000|  0%| F|  |TAMS 0x000000074b000000| PB 0x000000074b000000| Untracked 
|  89|0x000000074b200000, 0x000000074b200000, 0x000000074b400000|  0%| F|  |TAMS 0x000000074b200000| PB 0x000000074b200000| Untracked 
|  90|0x000000074b400000, 0x000000074b400000, 0x000000074b600000|  0%| F|  |TAMS 0x000000074b400000| PB 0x000000074b400000| Untracked 
|  91|0x000000074b600000, 0x000000074b600000, 0x000000074b800000|  0%| F|  |TAMS 0x000000074b600000| PB 0x000000074b600000| Untracked 
|  92|0x000000074b800000, 0x000000074b800000, 0x000000074ba00000|  0%| F|  |TAMS 0x000000074b800000| PB 0x000000074b800000| Untracked 
|  93|0x000000074ba00000, 0x000000074ba00000, 0x000000074bc00000|  0%| F|  |TAMS 0x000000074ba00000| PB 0x000000074ba00000| Untracked 
|  94|0x000000074bc00000, 0x000000074be00000, 0x000000074be00000|100%| O|  |TAMS 0x000000074bc00000| PB 0x000000074bc00000| Untracked 
|  95|0x000000074be00000, 0x000000074c000000, 0x000000074c000000|100%| O|  |TAMS 0x000000074be00000| PB 0x000000074be00000| Untracked 
|  96|0x000000074c000000, 0x000000074c200000, 0x000000074c200000|100%| O|  |TAMS 0x000000074c000000| PB 0x000000074c000000| Untracked 
|  97|0x000000074c200000, 0x000000074c400000, 0x000000074c400000|100%| O|  |TAMS 0x000000074c200000| PB 0x000000074c200000| Untracked 
|  98|0x000000074c400000, 0x000000074c600000, 0x000000074c600000|100%| O|  |TAMS 0x000000074c400000| PB 0x000000074c400000| Untracked 
|  99|0x000000074c600000, 0x000000074c800000, 0x000000074c800000|100%| O|  |TAMS 0x000000074c600000| PB 0x000000074c600000| Untracked 
| 100|0x000000074c800000, 0x000000074ca00000, 0x000000074ca00000|100%| O|  |TAMS 0x000000074c800000| PB 0x000000074c800000| Untracked 
| 101|0x000000074ca00000, 0x000000074cc00000, 0x000000074cc00000|100%| O|  |TAMS 0x000000074ca00000| PB 0x000000074ca00000| Untracked 
| 102|0x000000074cc00000, 0x000000074ce00000, 0x000000074ce00000|100%| O|  |TAMS 0x000000074cc00000| PB 0x000000074cc00000| Untracked 
| 103|0x000000074ce00000, 0x000000074d000000, 0x000000074d000000|100%| O|  |TAMS 0x000000074ce00000| PB 0x000000074ce00000| Untracked 
| 104|0x000000074d000000, 0x000000074d200000, 0x000000074d200000|100%| O|  |TAMS 0x000000074d000000| PB 0x000000074d000000| Untracked 
| 105|0x000000074d200000, 0x000000074d400000, 0x000000074d400000|100%| O|  |TAMS 0x000000074d200000| PB 0x000000074d200000| Untracked 
| 106|0x000000074d400000, 0x000000074d600000, 0x000000074d600000|100%| O|  |TAMS 0x000000074d400000| PB 0x000000074d400000| Untracked 
| 107|0x000000074d600000, 0x000000074d800000, 0x000000074d800000|100%| O|  |TAMS 0x000000074d600000| PB 0x000000074d600000| Untracked 
| 108|0x000000074d800000, 0x000000074da00000, 0x000000074da00000|100%| O|  |TAMS 0x000000074d800000| PB 0x000000074d800000| Untracked 
| 109|0x000000074da00000, 0x000000074dc00000, 0x000000074dc00000|100%| O|  |TAMS 0x000000074da00000| PB 0x000000074da00000| Untracked 
| 110|0x000000074dc00000, 0x000000074de00000, 0x000000074de00000|100%| O|  |TAMS 0x000000074dc00000| PB 0x000000074dc00000| Untracked 
| 111|0x000000074de00000, 0x000000074e000000, 0x000000074e000000|100%| O|  |TAMS 0x000000074de00000| PB 0x000000074de00000| Untracked 
| 112|0x000000074e000000, 0x000000074e200000, 0x000000074e200000|100%| O|  |TAMS 0x000000074e000000| PB 0x000000074e000000| Untracked 
| 113|0x000000074e200000, 0x000000074e200000, 0x000000074e400000|  0%| F|  |TAMS 0x000000074e200000| PB 0x000000074e200000| Untracked 
| 114|0x000000074e400000, 0x000000074e400000, 0x000000074e600000|  0%| F|  |TAMS 0x000000074e400000| PB 0x000000074e400000| Untracked 
| 115|0x000000074e600000, 0x000000074e600000, 0x000000074e800000|  0%| F|  |TAMS 0x000000074e600000| PB 0x000000074e600000| Untracked 
| 116|0x000000074e800000, 0x000000074e800000, 0x000000074ea00000|  0%| F|  |TAMS 0x000000074e800000| PB 0x000000074e800000| Untracked 
| 117|0x000000074ea00000, 0x000000074ea00000, 0x000000074ec00000|  0%| F|  |TAMS 0x000000074ea00000| PB 0x000000074ea00000| Untracked 
| 118|0x000000074ec00000, 0x000000074ec00000, 0x000000074ee00000|  0%| F|  |TAMS 0x000000074ec00000| PB 0x000000074ec00000| Untracked 
| 119|0x000000074ee00000, 0x000000074ee00000, 0x000000074f000000|  0%| F|  |TAMS 0x000000074ee00000| PB 0x000000074ee00000| Untracked 
| 120|0x000000074f000000, 0x000000074f200000, 0x000000074f200000|100%| S|CS|TAMS 0x000000074f000000| PB 0x000000074f000000| Complete 
| 121|0x000000074f200000, 0x000000074f400000, 0x000000074f400000|100%| S|CS|TAMS 0x000000074f200000| PB 0x000000074f200000| Complete 
| 122|0x000000074f400000, 0x000000074f600000, 0x000000074f600000|100%| S|CS|TAMS 0x000000074f400000| PB 0x000000074f400000| Complete 
| 123|0x000000074f600000, 0x000000074f800000, 0x000000074f800000|100%| S|CS|TAMS 0x000000074f600000| PB 0x000000074f600000| Complete 
| 124|0x000000074f800000, 0x000000074fa00000, 0x000000074fa00000|100%| S|CS|TAMS 0x000000074f800000| PB 0x000000074f800000| Complete 
| 125|0x000000074fa00000, 0x000000074fa00000, 0x000000074fc00000|  0%| F|  |TAMS 0x000000074fa00000| PB 0x000000074fa00000| Untracked 
| 126|0x000000074fc00000, 0x000000074fc00000, 0x000000074fe00000|  0%| F|  |TAMS 0x000000074fc00000| PB 0x000000074fc00000| Untracked 
| 127|0x000000074fe00000, 0x000000074fe00000, 0x0000000750000000|  0%| F|  |TAMS 0x000000074fe00000| PB 0x000000074fe00000| Untracked 
| 128|0x0000000750000000, 0x0000000750000000, 0x0000000750200000|  0%| F|  |TAMS 0x0000000750000000| PB 0x0000000750000000| Untracked 
| 129|0x0000000750200000, 0x0000000750200000, 0x0000000750400000|  0%| F|  |TAMS 0x0000000750200000| PB 0x0000000750200000| Untracked 
| 130|0x0000000750400000, 0x0000000750400000, 0x0000000750600000|  0%| F|  |TAMS 0x0000000750400000| PB 0x0000000750400000| Untracked 
| 131|0x0000000750600000, 0x0000000750600000, 0x0000000750800000|  0%| F|  |TAMS 0x0000000750600000| PB 0x0000000750600000| Untracked 
| 132|0x0000000750800000, 0x0000000750800000, 0x0000000750a00000|  0%| F|  |TAMS 0x0000000750800000| PB 0x0000000750800000| Untracked 
| 133|0x0000000750a00000, 0x0000000750a00000, 0x0000000750c00000|  0%| F|  |TAMS 0x0000000750a00000| PB 0x0000000750a00000| Untracked 
|1496|0x00000007fb000000, 0x00000007fb200000, 0x00000007fb200000|100%| O|  |TAMS 0x00000007fb000000| PB 0x00000007fb000000| Untracked 
|1497|0x00000007fb200000, 0x00000007fb400000, 0x00000007fb400000|100%| O|  |TAMS 0x00000007fb200000| PB 0x00000007fb200000| Untracked 
|1498|0x00000007fb400000, 0x00000007fb600000, 0x00000007fb600000|100%| O|  |TAMS 0x00000007fb400000| PB 0x00000007fb400000| Untracked 
|1499|0x00000007fb600000, 0x00000007fb800000, 0x00000007fb800000|100%| O|  |TAMS 0x00000007fb600000| PB 0x00000007fb600000| Untracked 
|1500|0x00000007fb800000, 0x00000007fba00000, 0x00000007fba00000|100%| O|  |TAMS 0x00000007fb800000| PB 0x00000007fb800000| Untracked 
|1501|0x00000007fba00000, 0x00000007fbc00000, 0x00000007fbc00000|100%| O|  |TAMS 0x00000007fba00000| PB 0x00000007fba00000| Untracked 
|1502|0x00000007fbc00000, 0x00000007fbe00000, 0x00000007fbe00000|100%| O|  |TAMS 0x00000007fbc00000| PB 0x00000007fbc00000| Untracked 
|1503|0x00000007fbe00000, 0x00000007fc000000, 0x00000007fc000000|100%| O|  |TAMS 0x00000007fbe00000| PB 0x00000007fbe00000| Untracked 
|1504|0x00000007fc000000, 0x00000007fc200000, 0x00000007fc200000|100%| O|  |TAMS 0x00000007fc000000| PB 0x00000007fc000000| Untracked 
|1505|0x00000007fc200000, 0x00000007fc200000, 0x00000007fc400000|  0%| F|  |TAMS 0x00000007fc200000| PB 0x00000007fc200000| Untracked 
|1506|0x00000007fc400000, 0x00000007fc600000, 0x00000007fc600000|100%| O|  |TAMS 0x00000007fc400000| PB 0x00000007fc400000| Untracked 
|1507|0x00000007fc600000, 0x00000007fc800000, 0x00000007fc800000|100%| O|  |TAMS 0x00000007fc600000| PB 0x00000007fc600000| Untracked 
|1508|0x00000007fc800000, 0x00000007fc800000, 0x00000007fca00000|  0%| F|  |TAMS 0x00000007fc800000| PB 0x00000007fc800000| Untracked 
|1509|0x00000007fca00000, 0x00000007fca00000, 0x00000007fcc00000|  0%| F|  |TAMS 0x00000007fca00000| PB 0x00000007fca00000| Untracked 
|1510|0x00000007fcc00000, 0x00000007fcc00000, 0x00000007fce00000|  0%| F|  |TAMS 0x00000007fcc00000| PB 0x00000007fcc00000| Untracked 
|1511|0x00000007fce00000, 0x00000007fce00000, 0x00000007fd000000|  0%| F|  |TAMS 0x00000007fce00000| PB 0x00000007fce00000| Untracked 
|1512|0x00000007fd000000, 0x00000007fd000000, 0x00000007fd200000|  0%| F|  |TAMS 0x00000007fd000000| PB 0x00000007fd000000| Untracked 
|1513|0x00000007fd200000, 0x00000007fd200000, 0x00000007fd400000|  0%| F|  |TAMS 0x00000007fd200000| PB 0x00000007fd200000| Untracked 
|1514|0x00000007fd400000, 0x00000007fd400000, 0x00000007fd600000|  0%| F|  |TAMS 0x00000007fd400000| PB 0x00000007fd400000| Untracked 
|1515|0x00000007fd600000, 0x00000007fd600000, 0x00000007fd800000|  0%| F|  |TAMS 0x00000007fd600000| PB 0x00000007fd600000| Untracked 
|1516|0x00000007fd800000, 0x00000007fd800000, 0x00000007fda00000|  0%| F|  |TAMS 0x00000007fd800000| PB 0x00000007fd800000| Untracked 
|1517|0x00000007fda00000, 0x00000007fda00000, 0x00000007fdc00000|  0%| F|  |TAMS 0x00000007fda00000| PB 0x00000007fda00000| Untracked 
|1518|0x00000007fdc00000, 0x00000007fdc00000, 0x00000007fde00000|  0%| F|  |TAMS 0x00000007fdc00000| PB 0x00000007fdc00000| Untracked 
|1519|0x00000007fde00000, 0x00000007fde00000, 0x00000007fe000000|  0%| F|  |TAMS 0x00000007fde00000| PB 0x00000007fde00000| Untracked 
|1520|0x00000007fe000000, 0x00000007fe000000, 0x00000007fe200000|  0%| F|  |TAMS 0x00000007fe000000| PB 0x00000007fe000000| Untracked 
|1521|0x00000007fe200000, 0x00000007fe200000, 0x00000007fe400000|  0%| F|  |TAMS 0x00000007fe200000| PB 0x00000007fe200000| Untracked 
|1522|0x00000007fe400000, 0x00000007fe400000, 0x00000007fe600000|  0%| F|  |TAMS 0x00000007fe400000| PB 0x00000007fe400000| Untracked 
|1523|0x00000007fe600000, 0x00000007fe600000, 0x00000007fe800000|  0%| F|  |TAMS 0x00000007fe600000| PB 0x00000007fe600000| Untracked 
|1524|0x00000007fe800000, 0x00000007fe800000, 0x00000007fea00000|  0%| F|  |TAMS 0x00000007fe800000| PB 0x00000007fe800000| Untracked 
|1525|0x00000007fea00000, 0x00000007fea00000, 0x00000007fec00000|  0%| F|  |TAMS 0x00000007fea00000| PB 0x00000007fea00000| Untracked 
|1526|0x00000007fec00000, 0x00000007fec00000, 0x00000007fee00000|  0%| F|  |TAMS 0x00000007fec00000| PB 0x00000007fec00000| Untracked 
|1527|0x00000007fee00000, 0x00000007fee00000, 0x00000007ff000000|  0%| F|  |TAMS 0x00000007fee00000| PB 0x00000007fee00000| Untracked 
|1528|0x00000007ff000000, 0x00000007ff000000, 0x00000007ff200000|  0%| F|  |TAMS 0x00000007ff000000| PB 0x00000007ff000000| Untracked 
|1529|0x00000007ff200000, 0x00000007ff400000, 0x00000007ff400000|100%| O|  |TAMS 0x00000007ff200000| PB 0x00000007ff200000| Untracked 
|1530|0x00000007ff400000, 0x00000007ff600000, 0x00000007ff600000|100%| O|  |TAMS 0x00000007ff400000| PB 0x00000007ff400000| Untracked 
|1531|0x00000007ff600000, 0x00000007ff800000, 0x00000007ff800000|100%| O|  |TAMS 0x00000007ff600000| PB 0x00000007ff600000| Untracked 
|1532|0x00000007ff800000, 0x00000007ffa00000, 0x00000007ffa00000|100%| O|  |TAMS 0x00000007ff800000| PB 0x00000007ff800000| Untracked 
|1533|0x00000007ffa00000, 0x00000007ffa00000, 0x00000007ffc00000|  0%| F|  |TAMS 0x00000007ffa00000| PB 0x00000007ffa00000| Untracked 
|1534|0x00000007ffc00000, 0x00000007ffe00000, 0x00000007ffe00000|100%| O|  |TAMS 0x00000007ffc00000| PB 0x00000007ffc00000| Untracked 
|1535|0x00000007ffe00000, 0x0000000800000000, 0x0000000800000000|100%| O|  |TAMS 0x00000007ffe00000| PB 0x00000007ffe00000| Untracked 

Card table byte_map: [0x000002b0cc560000,0x000002b0ccb60000] _byte_map_base: 0x000002b0c8b60000

Marking Bits: (CMBitMap*) 0x000002b0b48938d0
 Bits: [0x000002b0ccb60000, 0x000002b0cfb60000)

Polling page: 0x000002b0b2550000

Metaspace:

Usage:
  Non-class:     68.48 MB used.
      Class:     11.62 MB used.
       Both:     80.10 MB used.

Virtual space:
  Non-class space:      128.00 MB reserved,      69.56 MB ( 54%) committed,  2 nodes.
      Class space:        1.00 GB reserved,      12.69 MB (  1%) committed,  1 nodes.
             Both:        1.12 GB reserved,      82.25 MB (  7%) committed. 

Chunk freelists:
   Non-Class:  10.34 MB
       Class:  3.26 MB
        Both:  13.61 MB

MaxMetaspaceSize: unlimited
CompressedClassSpaceSize: 1.00 GB
Initial GC threshold: 21.00 MB
Current GC threshold: 136.88 MB
CDS: on
 - commit_granule_bytes: 65536.
 - commit_granule_words: 8192.
 - virtual_space_node_default_size: 8388608.
 - enlarge_chunks_in_place: 1.
 - use_allocation_guard: 0.


Internal statistics:

num_allocs_failed_limit: 6.
num_arena_births: 3860.
num_arena_deaths: 0.
num_vsnodes_births: 3.
num_vsnodes_deaths: 0.
num_space_committed: 1316.
num_space_uncommitted: 0.
num_chunks_returned_to_freelist: 6.
num_chunks_taken_from_freelist: 7697.
num_chunk_merges: 6.
num_chunk_splits: 4792.
num_chunks_enlarged: 2780.
num_inconsistent_stats: 0.

CodeHeap 'non-profiled nmethods': size=120064Kb used=6486Kb max_used=6517Kb free=113577Kb
 bounds [0x000002b0c4a20000, 0x000002b0c5080000, 0x000002b0cbf60000]
CodeHeap 'profiled nmethods': size=120000Kb used=18732Kb max_used=18732Kb free=101267Kb
 bounds [0x000002b0bcf60000, 0x000002b0be1c0000, 0x000002b0c4490000]
CodeHeap 'non-nmethods': size=5696Kb used=2724Kb max_used=2806Kb free=2972Kb
 bounds [0x000002b0c4490000, 0x000002b0c4770000, 0x000002b0c4a20000]
CodeCache: size=245760Kb, used=27942Kb, max_used=28055Kb, free=217816Kb
 total_blobs=10956, nmethods=9970, adapters=891, full_count=0
Compilation: enabled, stopped_count=0, restarted_count=0

Compilation events (20 events):
Event: 54.392 Thread 0x000002b0d1d4c230 12102       3       org.gradle.internal.snapshot.impl.IsolatedImmutableManagedValue::equals (6 bytes)
Event: 54.392 Thread 0x000002b0d1d4c230 nmethod 12102 0x000002b0bd963a90 code [0x000002b0bd963c40, 0x000002b0bd963d80]
Event: 54.394 Thread 0x000002b0d1d4c230 12103       3       com.google.common.base.AbstractIterator::tryToComputeNext (36 bytes)
Event: 54.394 Thread 0x000002b0d1d4c230 nmethod 12103 0x000002b0be065910 code [0x000002b0be065ae0, 0x000002b0be065f48]
Event: 54.395 Thread 0x000002b0d1d4c230 12104       3       java.util.ArrayList::fastRemove (44 bytes)
Event: 54.395 Thread 0x000002b0d1d4c230 nmethod 12104 0x000002b0bd6f0a90 code [0x000002b0bd6f0c60, 0x000002b0bd6f1058]
Event: 54.396 Thread 0x000002b0d1d4c230 12105       3       com.google.gson.stream.JsonReader::skipValue (209 bytes)
Event: 54.396 Thread 0x000002b0d1d4c230 nmethod 12105 0x000002b0bd17b310 code [0x000002b0bd17b560, 0x000002b0bd17be38]
Event: 54.396 Thread 0x000002b0d1cdafe0 12109       4       com.google.gson.stream.JsonReader::push (76 bytes)
Event: 54.396 Thread 0x000002b0d1d4c230 12106       3       com.google.gson.internal.LinkedTreeMap$EntrySet$1::next (5 bytes)
Event: 54.396 Thread 0x000002b0d1d4c230 nmethod 12106 0x000002b0bd6f0610 code [0x000002b0bd6f07c0, 0x000002b0bd6f0968]
Event: 54.396 Thread 0x000002b0d1d4c230 12107       3       com.google.gson.internal.LinkedTreeMap$EntrySet$1::next (5 bytes)
Event: 54.396 Thread 0x000002b0d1d4c230 nmethod 12107 0x000002b0bda16190 code [0x000002b0bda16340, 0x000002b0bda16478]
Event: 54.396 Thread 0x000002b0d1d4c230 12108       3       com.google.gson.internal.LinkedTreeMap$LinkedTreeMapIterator::nextNode (61 bytes)
Event: 54.396 Thread 0x000002b0d1d4c230 nmethod 12108 0x000002b0bda05e90 code [0x000002b0bda06060, 0x000002b0bda06478]
Event: 54.397 Thread 0x000002b0d1d4c230 12110       3       com.google.gson.internal.LinkedTreeMap::get (19 bytes)
Event: 54.397 Thread 0x000002b0d1d4c230 nmethod 12110 0x000002b0bdc87e90 code [0x000002b0bdc88060, 0x000002b0bdc882f8]
Event: 54.397 Thread 0x000002b0d1cdafe0 nmethod 12109 0x000002b0c4e55d90 code [0x000002b0c4e55f20, 0x000002b0c4e56020]
Event: 54.397 Thread 0x000002b0d1d4c230 12111       3       com.google.gson.JsonObject::get (12 bytes)
Event: 54.397 Thread 0x000002b0d1d4c230 nmethod 12111 0x000002b0bda35790 code [0x000002b0bda35960, 0x000002b0bda35d30]

GC Heap History (20 events):
Event: 33.511 GC heap after
{Heap after GC invocations=34 (full 0):
 garbage-first heap   total 249856K, used 139264K [0x0000000740000000, 0x0000000800000000)
  region size 2048K, 6 young (12288K), 6 survivors (12288K)
 Metaspace       used 79057K, committed 81152K, reserved 1179648K
  class space    used 11527K, committed 12544K, reserved 1048576K
}
Event: 33.739 GC heap before
{Heap before GC invocations=34 (full 0):
 garbage-first heap   total 249856K, used 196608K [0x0000000740000000, 0x0000000800000000)
  region size 2048K, 34 young (69632K), 6 survivors (12288K)
 Metaspace       used 79057K, committed 81152K, reserved 1179648K
  class space    used 11527K, committed 12544K, reserved 1048576K
}
Event: 33.802 GC heap after
{Heap after GC invocations=35 (full 0):
 garbage-first heap   total 249856K, used 175104K [0x0000000740000000, 0x0000000800000000)
  region size 2048K, 5 young (10240K), 5 survivors (10240K)
 Metaspace       used 79057K, committed 81152K, reserved 1179648K
  class space    used 11527K, committed 12544K, reserved 1048576K
}
Event: 34.041 GC heap before
{Heap before GC invocations=35 (full 0):
 garbage-first heap   total 249856K, used 207872K [0x0000000740000000, 0x0000000800000000)
  region size 2048K, 21 young (43008K), 5 survivors (10240K)
 Metaspace       used 79167K, committed 81280K, reserved 1179648K
  class space    used 11538K, committed 12544K, reserved 1048576K
}
Event: 34.086 GC heap after
{Heap after GC invocations=36 (full 0):
 garbage-first heap   total 249856K, used 197632K [0x0000000740000000, 0x0000000800000000)
  region size 2048K, 3 young (6144K), 3 survivors (6144K)
 Metaspace       used 79167K, committed 81280K, reserved 1179648K
  class space    used 11538K, committed 12544K, reserved 1048576K
}
Event: 35.233 GC heap before
{Heap before GC invocations=37 (full 0):
 garbage-first heap   total 315392K, used 218112K [0x0000000740000000, 0x0000000800000000)
  region size 2048K, 13 young (26624K), 3 survivors (6144K)
 Metaspace       used 79196K, committed 81344K, reserved 1179648K
  class space    used 11540K, committed 12544K, reserved 1048576K
}
Event: 35.279 GC heap after
{Heap after GC invocations=38 (full 0):
 garbage-first heap   total 315392K, used 202752K [0x0000000740000000, 0x0000000800000000)
  region size 2048K, 2 young (4096K), 2 survivors (4096K)
 Metaspace       used 79196K, committed 81344K, reserved 1179648K
  class space    used 11540K, committed 12544K, reserved 1048576K
}
Event: 36.278 GC heap before
{Heap before GC invocations=38 (full 0):
 garbage-first heap   total 329728K, used 329728K [0x0000000740000000, 0x0000000800000000)
  region size 2048K, 5 young (10240K), 2 survivors (4096K)
 Metaspace       used 79507K, committed 81600K, reserved 1179648K
  class space    used 11540K, committed 12544K, reserved 1048576K
}
Event: 36.294 GC heap after
{Heap after GC invocations=39 (full 0):
 garbage-first heap   total 337920K, used 202156K [0x0000000740000000, 0x0000000800000000)
  region size 2048K, 1 young (2048K), 1 survivors (2048K)
 Metaspace       used 79507K, committed 81600K, reserved 1179648K
  class space    used 11540K, committed 12544K, reserved 1048576K
}
Event: 38.848 GC heap before
{Heap before GC invocations=39 (full 0):
 garbage-first heap   total 337920K, used 255404K [0x0000000740000000, 0x0000000800000000)
  region size 2048K, 27 young (55296K), 1 survivors (2048K)
 Metaspace       used 80178K, committed 82304K, reserved 1179648K
  class space    used 11656K, committed 12672K, reserved 1048576K
}
Event: 38.883 GC heap after
{Heap after GC invocations=40 (full 0):
 garbage-first heap   total 337920K, used 216792K [0x0000000740000000, 0x0000000800000000)
  region size 2048K, 4 young (8192K), 4 survivors (8192K)
 Metaspace       used 80178K, committed 82304K, reserved 1179648K
  class space    used 11656K, committed 12672K, reserved 1048576K
}
Event: 48.059 GC heap before
{Heap before GC invocations=41 (full 0):
 garbage-first heap   total 337920K, used 163544K [0x0000000740000000, 0x0000000800000000)
  region size 2048K, 29 young (59392K), 4 survivors (8192K)
 Metaspace       used 81677K, committed 83904K, reserved 1179648K
  class space    used 11882K, committed 12992K, reserved 1048576K
}
Event: 48.103 GC heap after
{Heap after GC invocations=42 (full 0):
 garbage-first heap   total 337920K, used 123635K [0x0000000740000000, 0x0000000800000000)
  region size 2048K, 4 young (8192K), 4 survivors (8192K)
 Metaspace       used 81677K, committed 83904K, reserved 1179648K
  class space    used 11882K, committed 12992K, reserved 1048576K
}
Event: 52.762 GC heap before
{Heap before GC invocations=42 (full 0):
 garbage-first heap   total 337920K, used 221939K [0x0000000740000000, 0x0000000800000000)
  region size 2048K, 53 young (108544K), 4 survivors (8192K)
 Metaspace       used 81813K, committed 84096K, reserved 1179648K
  class space    used 11891K, committed 12992K, reserved 1048576K
}
Event: 52.798 GC heap after
{Heap after GC invocations=43 (full 0):
 garbage-first heap   total 337920K, used 128593K [0x0000000740000000, 0x0000000800000000)
  region size 2048K, 4 young (8192K), 4 survivors (8192K)
 Metaspace       used 81813K, committed 84096K, reserved 1179648K
  class space    used 11891K, committed 12992K, reserved 1048576K
}
Event: 53.180 GC heap before
{Heap before GC invocations=43 (full 0):
 garbage-first heap   total 337920K, used 130641K [0x0000000740000000, 0x0000000800000000)
  region size 2048K, 7 young (14336K), 4 survivors (8192K)
 Metaspace       used 81925K, committed 84096K, reserved 1179648K
  class space    used 11900K, committed 12992K, reserved 1048576K
}
Event: 53.195 GC heap after
{Heap after GC invocations=44 (full 0):
 garbage-first heap   total 337920K, used 130546K [0x0000000740000000, 0x0000000800000000)
  region size 2048K, 5 young (10240K), 5 survivors (10240K)
 Metaspace       used 81925K, committed 84096K, reserved 1179648K
  class space    used 11900K, committed 12992K, reserved 1048576K
}
Event: 53.654 GC heap before
{Heap before GC invocations=45 (full 0):
 garbage-first heap   total 337920K, used 263666K [0x0000000740000000, 0x0000000800000000)
  region size 2048K, 63 young (129024K), 5 survivors (10240K)
 Metaspace       used 81926K, committed 84096K, reserved 1179648K
  class space    used 11900K, committed 12992K, reserved 1048576K
}
Event: 53.836 GC heap after
{Heap after GC invocations=46 (full 0):
 garbage-first heap   total 356352K, used 214016K [0x0000000740000000, 0x0000000800000000)
  region size 2048K, 8 young (16384K), 8 survivors (16384K)
 Metaspace       used 81926K, committed 84096K, reserved 1179648K
  class space    used 11900K, committed 12992K, reserved 1048576K
}
Event: 54.398 GC heap before
{Heap before GC invocations=46 (full 0):
 garbage-first heap   total 356352K, used 281600K [0x0000000740000000, 0x0000000800000000)
  region size 2048K, 40 young (81920K), 8 survivors (16384K)
 Metaspace       used 82025K, committed 84224K, reserved 1179648K
  class space    used 11900K, committed 12992K, reserved 1048576K
}

Dll operation events (15 events):
Event: 0.015 Loaded shared library C:\Program Files\Eclipse Adoptium\jdk-21.0.9.10-hotspot\bin\java.dll
Event: 0.050 Loaded shared library C:\Program Files\Eclipse Adoptium\jdk-21.0.9.10-hotspot\bin\jsvml.dll
Event: 0.158 Loaded shared library C:\Program Files\Eclipse Adoptium\jdk-21.0.9.10-hotspot\bin\zip.dll
Event: 0.163 Loaded shared library C:\Program Files\Eclipse Adoptium\jdk-21.0.9.10-hotspot\bin\instrument.dll
Event: 0.169 Loaded shared library C:\Program Files\Eclipse Adoptium\jdk-21.0.9.10-hotspot\bin\net.dll
Event: 0.172 Loaded shared library C:\Program Files\Eclipse Adoptium\jdk-21.0.9.10-hotspot\bin\nio.dll
Event: 0.181 Loaded shared library C:\Program Files\Eclipse Adoptium\jdk-21.0.9.10-hotspot\bin\zip.dll
Event: 0.771 Loaded shared library C:\Program Files\Eclipse Adoptium\jdk-21.0.9.10-hotspot\bin\jimage.dll
Event: 1.134 Loaded shared library C:\Program Files\Eclipse Adoptium\jdk-21.0.9.10-hotspot\bin\verify.dll
Event: 1.480 Loaded shared library C:\Users\Seusyn\.gradle\native\c067742578af261105cb4f569cf0c3c89f3d7b1fecec35dd04571415982c5e48\windows-amd64\native-platform.dll
Event: 1.486 Loaded shared library C:\Users\Seusyn\.gradle\native\100fb08df4bc3b14c8652ba06237920a3bd2aa13389f12d3474272988ae205f9\windows-amd64\native-platform-file-events.dll
Event: 3.910 Loaded shared library C:\Program Files\Eclipse Adoptium\jdk-21.0.9.10-hotspot\bin\management.dll
Event: 3.914 Loaded shared library C:\Program Files\Eclipse Adoptium\jdk-21.0.9.10-hotspot\bin\management_ext.dll
Event: 4.294 Loaded shared library C:\Program Files\Eclipse Adoptium\jdk-21.0.9.10-hotspot\bin\extnet.dll
Event: 4.503 Loaded shared library C:\Program Files\Eclipse Adoptium\jdk-21.0.9.10-hotspot\bin\sunmscapi.dll

Deoptimization events (20 events):
Event: 52.982 Thread 0x000002b119b46530 DEOPT PACKING pc=0x000002b0c503cd14 sp=0x000000f49c6fbe40
Event: 52.982 Thread 0x000002b119b46530 DEOPT UNPACKING pc=0x000002b0c44e439c sp=0x000000f49c6fbde0 mode 2
Event: 53.158 Thread 0x000002b119b44460 Uncommon trap: trap_request=0xffffffc6 fr.pc=0x000002b0c4ebf8e0 relative=0x0000000000000440
Event: 53.158 Thread 0x000002b119b44460 Uncommon trap: reason=bimorphic_or_optimized_type_check action=maybe_recompile pc=0x000002b0c4ebf8e0 method=java.lang.reflect.Field.set(Ljava/lang/Object;Ljava/lang/Object;)V @ 37 c2
Event: 53.158 Thread 0x000002b119b44460 DEOPT PACKING pc=0x000002b0c4ebf8e0 sp=0x000000f49c7f94c0
Event: 53.158 Thread 0x000002b119b44460 DEOPT UNPACKING pc=0x000002b0c44e439c sp=0x000000f49c7f93d8 mode 2
Event: 53.562 Thread 0x000002b119b44460 DEOPT PACKING pc=0x000002b0be03dcc2 sp=0x000000f49c7f9520
Event: 53.562 Thread 0x000002b119b44460 DEOPT UNPACKING pc=0x000002b0c44e4b23 sp=0x000000f49c7f8b10 mode 0
Event: 53.972 Thread 0x000002b119b44460 Uncommon trap: trap_request=0xffffff45 fr.pc=0x000002b0c4f2ebd8 relative=0x0000000000003058
Event: 53.972 Thread 0x000002b119b44460 Uncommon trap: reason=unstable_if action=reinterpret pc=0x000002b0c4f2ebd8 method=net.minecraftforge.srgutils.InternalUtils.loadTSrg2(Ljava/util/List;)Lnet/minecraftforge/srgutils/IMappingBuilder; @ 107 c2
Event: 53.972 Thread 0x000002b119b44460 DEOPT PACKING pc=0x000002b0c4f2ebd8 sp=0x000000f49c7f9620
Event: 53.972 Thread 0x000002b119b44460 DEOPT UNPACKING pc=0x000002b0c44e439c sp=0x000000f49c7f9618 mode 2
Event: 54.227 Thread 0x000002b119b44460 Uncommon trap: trap_request=0xffffffde fr.pc=0x000002b0c5024cc8 relative=0x0000000000001488
Event: 54.227 Thread 0x000002b119b44460 Uncommon trap: reason=class_check action=maybe_recompile pc=0x000002b0c5024cc8 method=com.google.common.cache.LocalCache$Segment.storeLoadedValue(Ljava/lang/Object;ILcom/google/common/cache/LocalCache$LoadingValueReference;Ljava/lang/Object;)Z @ 282 c2
Event: 54.227 Thread 0x000002b119b44460 DEOPT PACKING pc=0x000002b0c5024cc8 sp=0x000000f49c7fb160
Event: 54.227 Thread 0x000002b119b44460 DEOPT UNPACKING pc=0x000002b0c44e439c sp=0x000000f49c7fb0f8 mode 2
Event: 54.396 Thread 0x000002b119b44460 Uncommon trap: trap_request=0xffffffc6 fr.pc=0x000002b0c4ebf8e0 relative=0x0000000000000440
Event: 54.396 Thread 0x000002b119b44460 Uncommon trap: reason=bimorphic_or_optimized_type_check action=maybe_recompile pc=0x000002b0c4ebf8e0 method=java.lang.reflect.Field.set(Ljava/lang/Object;Ljava/lang/Object;)V @ 37 c2
Event: 54.396 Thread 0x000002b119b44460 DEOPT PACKING pc=0x000002b0c4ebf8e0 sp=0x000000f49c7f9d30
Event: 54.396 Thread 0x000002b119b44460 DEOPT UNPACKING pc=0x000002b0c44e439c sp=0x000000f49c7f9c48 mode 2

Classes loaded (20 events):
Event: 47.299 Loading class java/io/ObjectInputFilter$Config
Event: 47.300 Loading class java/io/ObjectInputFilter$Config done
Event: 47.300 Loading class java/io/ObjectInputFilter
Event: 47.302 Loading class java/io/ObjectInputFilter done
Event: 47.303 Loading class java/io/ObjectInputFilter$Config$BuiltinFilterFactory
Event: 47.304 Loading class java/io/ObjectInputFilter$Config$BuiltinFilterFactory done
Event: 47.304 Loading class jdk/internal/access/JavaObjectInputFilterAccess
Event: 47.304 Loading class jdk/internal/access/JavaObjectInputFilterAccess done
Event: 47.305 Loading class jdk/internal/event/DeserializationEvent
Event: 47.305 Loading class jdk/internal/event/DeserializationEvent done
Event: 47.309 Loading class java/io/ObjectInputStream$FieldValues
Event: 47.310 Loading class java/io/ObjectInputStream$GetField
Event: 47.310 Loading class java/io/ObjectInputStream$GetField done
Event: 47.310 Loading class java/io/ObjectInputStream$FieldValues done
Event: 47.320 Loading class java/util/HashMap$UnsafeHolder
Event: 47.321 Loading class java/util/HashMap$UnsafeHolder done
Event: 47.349 Loading class java/util/PriorityQueue
Event: 47.351 Loading class java/util/PriorityQueue done
Event: 52.856 Loading class java/lang/foreign/MemorySegment
Event: 52.857 Loading class java/lang/foreign/MemorySegment done

Classes unloaded (0 events):
No events

Classes redefined (0 events):
No events

Internal exceptions (20 events):
Event: 39.976 Thread 0x000002b119b46530 Exception <a 'sun/nio/fs/WindowsException'{0x00000007fe3c8690}> (0x00000007fe3c8690) 
thrown [s\src\hotspot\share\prims\jni.cpp, line 520]
Event: 39.979 Thread 0x000002b119b46530 Exception <a 'sun/nio/fs/WindowsException'{0x00000007fe3cf860}> (0x00000007fe3cf860) 
thrown [s\src\hotspot\share\prims\jni.cpp, line 520]
Event: 40.075 Thread 0x000002b119b46530 Exception <a 'java/lang/NoSuchMethodError'{0x00000007fe1998c8}: static Lorg/gradle/api/internal/tasks/compile/DaemonJavaCompiler$JavaCompilerParameters;.<clinit>()V> (0x00000007fe1998c8) 
thrown [s\src\hotspot\share\prims\jni.cpp, line 1111]
Event: 40.075 Thread 0x000002b119b46530 Exception <a 'java/lang/NoSuchMethodError'{0x00000007fe19c828}: static Lorg/gradle/api/internal/tasks/compile/daemon/CompilerWorkerExecutor$CompilerParameters;.<clinit>()V> (0x00000007fe19c828) 
thrown [s\src\hotspot\share\prims\jni.cpp, line 1111]
Event: 40.077 Thread 0x000002b119b46530 Exception <a 'java/lang/NoSuchMethodError'{0x00000007fe1bb880}: static Ljava/lang/Object;.<clinit>()V> (0x00000007fe1bb880) 
thrown [s\src\hotspot\share\prims\jni.cpp, line 1111]
Event: 40.078 Thread 0x000002b119b46530 Exception <a 'java/lang/NoSuchMethodError'{0x00000007fe1d34c0}: static Ljava/util/AbstractList;.<clinit>()V> (0x00000007fe1d34c0) 
thrown [s\src\hotspot\share\prims\jni.cpp, line 1111]
Event: 40.082 Thread 0x000002b119b46530 Exception <a 'java/lang/NoSuchMethodError'{0x00000007fde2aa88}: static Lorg/gradle/api/internal/tasks/compile/DefaultJavaCompileSpecFactory$DefaultForkingJavaCompileSpec;.<clinit>()V> (0x00000007fde2aa88) 
thrown [s\src\hotspot\share\prims\jni.cpp, line 1111]
Event: 40.082 Thread 0x000002b119b46530 Exception <a 'java/lang/NoSuchMethodError'{0x00000007fde33620}: static Lorg/gradle/api/internal/tasks/compile/DefaultJavaCompileSpec;.<clinit>()V> (0x00000007fde33620) 
thrown [s\src\hotspot\share\prims\jni.cpp, line 1111]
Event: 40.083 Thread 0x000002b119b46530 Exception <a 'java/lang/NoSuchMethodError'{0x00000007fde38d78}: static Lorg/gradle/api/internal/tasks/compile/DefaultJvmLanguageCompileSpec;.<clinit>()V> (0x00000007fde38d78) 
thrown [s\src\hotspot\share\prims\jni.cpp, line 1111]
Event: 40.101 Thread 0x000002b119b46530 Exception <a 'java/lang/NoSuchMethodError'{0x00000007fdf01748}: static Lorg/gradle/api/internal/tasks/compile/MinimalJavaCompileOptions;.<clinit>()V> (0x00000007fdf01748) 
thrown [s\src\hotspot\share\prims\jni.cpp, line 1111]
Event: 40.112 Thread 0x000002b119b46530 Exception <a 'java/lang/NoSuchMethodError'{0x00000007fdf8f2f8}: static Lorg/gradle/api/internal/tasks/compile/MinimalJavaCompilerDaemonForkOptions;.<clinit>()V> (0x00000007fdf8f2f8) 
thrown [s\src\hotspot\share\prims\jni.cpp, line 1111]
Event: 40.112 Thread 0x000002b119b46530 Exception <a 'java/lang/NoSuchMethodError'{0x00000007fdf91cb8}: static Lorg/gradle/api/internal/tasks/compile/MinimalCompilerDaemonForkOptions;.<clinit>()V> (0x00000007fdf91cb8) 
thrown [s\src\hotspot\share\prims\jni.cpp, line 1111]
Event: 40.238 Thread 0x000002b119b46530 Exception <a 'java/lang/NoSuchMethodError'{0x00000007fdba4740}: static Lorg/gradle/process/internal/worker/request/WorkerAction;.<clinit>()V> (0x00000007fdba4740) 
thrown [s\src\hotspot\share\prims\jni.cpp, line 1111]
Event: 47.307 Thread 0x000002b1187e1ec0 Exception <a 'java/lang/NoSuchMethodError'{0x00000007fd671728}: static Ljava/lang/Object;.<clinit>()V> (0x00000007fd671728) 
thrown [s\src\hotspot\share\prims\jni.cpp, line 1111]
Event: 47.309 Thread 0x000002b1187e1ec0 Exception <a 'java/lang/NoSuchMethodError'{0x00000007fd688d08}: static Lorg/gradle/api/internal/tasks/compile/ApiCompilerResult;.<clinit>()V> (0x00000007fd688d08) 
thrown [s\src\hotspot\share\prims\jni.cpp, line 1111]
Event: 47.315 Thread 0x000002b1187e1ec0 Exception <a 'java/lang/NoSuchMethodError'{0x00000007fd69eb50}: static Lorg/gradle/api/internal/tasks/compile/incremental/processing/AnnotationProcessingResult;.<clinit>()V> (0x00000007fd69eb50) 
thrown [s\src\hotspot\share\prims\jni.cpp, line 1111]
Event: 47.322 Thread 0x000002b1187e1ec0 Exception <a 'java/lang/NoSuchMethodError'{0x00000007fd6d9448}: static Lorg/gradle/api/internal/tasks/compile/incremental/compilerapi/constants/ConstantsAnalysisResult;.<clinit>()V> (0x00000007fd6d9448) 
thrown [s\src\hotspot\share\prims\jni.cpp, line 1111]
Event: 47.323 Thread 0x000002b1187e1ec0 Exception <a 'java/lang/NoSuchMethodError'{0x00000007fd6e62e0}: static Lorg/gradle/api/internal/tasks/compile/incremental/compilerapi/constants/ConstantToDependentsMappingBuilder;.<clinit>()V> (0x00000007fd6e62e0) 
thrown [s\src\hotspot\share\prims\jni.cpp, line 1111]
Event: 47.513 Thread 0x000002b119b46530 Implicit null exception at 0x000002b0c4d158b3 to 0x000002b0c4d167f0
Event: 49.032 Thread 0x000002b118a7dc00 Exception <a 'java/lang/NoSuchMethodError'{0x00000007feef2bd8}: static Lorg/gradle/internal/build/event/types/DefaultJavaCompileTaskSuccessResult;.<clinit>()V> (0x00000007feef2bd8) 
thrown [s\src\hotspot\share\prims\jni.cpp, line 1111]

ZGC Phase Switch (0 events):
No events

VM Operations (20 events):
Event: 49.003 Executing VM operation: HandshakeAllThreads (Deoptimize) done
Event: 50.003 Executing VM operation: Cleanup
Event: 50.003 Executing VM operation: Cleanup done
Event: 51.007 Executing VM operation: Cleanup
Event: 51.007 Executing VM operation: Cleanup done
Event: 52.009 Executing VM operation: Cleanup
Event: 52.009 Executing VM operation: Cleanup done
Event: 52.762 Executing VM operation: G1CollectForAllocation (G1 Evacuation Pause)
Event: 52.798 Executing VM operation: G1CollectForAllocation (G1 Evacuation Pause) done
Event: 53.180 Executing VM operation: G1TryInitiateConcMark (G1 Humongous Allocation)
Event: 53.195 Executing VM operation: G1TryInitiateConcMark (G1 Humongous Allocation) done
Event: 53.406 Executing VM operation: G1PauseRemark
Event: 53.430 Executing VM operation: G1PauseRemark done
Event: 53.508 Executing VM operation: G1PauseCleanup
Event: 53.525 Executing VM operation: G1PauseCleanup done
Event: 53.641 Executing VM operation: G1CollectForAllocation (G1 Evacuation Pause)
Event: 53.836 Executing VM operation: G1CollectForAllocation (G1 Evacuation Pause) done
Event: 54.398 Executing VM operation: G1CollectForAllocation (G1 Evacuation Pause)
Event: 54.398 Executing VM operation: G1CollectForAllocation (G1 Evacuation Pause) done
Event: 54.398 Executing VM operation: G1CollectForAllocation (GCLocker Initiated GC)

Memory protections (0 events):
No events

Nmethod flushes (20 events):
Event: 53.430 Thread 0x000002b0d1cb5d40 flushing  nmethod 0x000002b0bd9a5e90
Event: 53.430 Thread 0x000002b0d1cb5d40 flushing  nmethod 0x000002b0bd9d9110
Event: 53.430 Thread 0x000002b0d1cb5d40 flushing  nmethod 0x000002b0bd9da510
Event: 53.430 Thread 0x000002b0d1cb5d40 flushing  nmethod 0x000002b0bd9f0910
Event: 53.430 Thread 0x000002b0d1cb5d40 flushing  nmethod 0x000002b0bd9fee10
Event: 53.430 Thread 0x000002b0d1cb5d40 flushing  nmethod 0x000002b0bda05a90
Event: 53.430 Thread 0x000002b0d1cb5d40 flushing  nmethod 0x000002b0bda0ba10
Event: 53.430 Thread 0x000002b0d1cb5d40 flushing  nmethod 0x000002b0bda16190
Event: 53.430 Thread 0x000002b0d1cb5d40 flushing  nmethod 0x000002b0bda3eb90
Event: 53.430 Thread 0x000002b0d1cb5d40 flushing  nmethod 0x000002b0bda62d90
Event: 53.430 Thread 0x000002b0d1cb5d40 flushing  nmethod 0x000002b0bda63290
Event: 53.430 Thread 0x000002b0d1cb5d40 flushing  nmethod 0x000002b0bdae1d90
Event: 53.430 Thread 0x000002b0d1cb5d40 flushing  nmethod 0x000002b0bdaf3890
Event: 53.430 Thread 0x000002b0d1cb5d40 flushing  nmethod 0x000002b0bdbe3f90
Event: 53.430 Thread 0x000002b0d1cb5d40 flushing  nmethod 0x000002b0bdc4f810
Event: 53.430 Thread 0x000002b0d1cb5d40 flushing  nmethod 0x000002b0bdc84c90
Event: 53.430 Thread 0x000002b0d1cb5d40 flushing  nmethod 0x000002b0bdc87810
Event: 53.430 Thread 0x000002b0d1cb5d40 flushing  nmethod 0x000002b0bdcbdd90
Event: 53.430 Thread 0x000002b0d1cb5d40 flushing  nmethod 0x000002b0bddeb690
Event: 53.430 Thread 0x000002b0d1cb5d40 flushing osr nmethod 0x000002b0be07f010

Events (20 events):
Event: 32.299 Thread 0x000002b11ac3c6f0 Thread exited: 0x000002b11ac3c6f0
Event: 35.746 Thread 0x000002b119b46530 Thread added: 0x000002b119b40fe0
Event: 36.568 Thread 0x000002b119b46530 Thread added: 0x000002b119b402c0
Event: 36.779 Thread 0x000002b119b46530 Thread added: 0x000002b119b41670
Event: 40.205 Thread 0x000002b119b46530 Thread added: 0x000002b11ac3c6f0
Event: 40.261 Thread 0x000002b119b43740 Thread added: 0x000002b11ac35df0
Event: 40.262 Thread 0x000002b119b43740 Thread added: 0x000002b1187e1830
Event: 40.262 Thread 0x000002b11ac35df0 Thread exited: 0x000002b11ac35df0
Event: 41.415 Thread 0x000002b11ac3c6f0 Thread added: 0x000002b1187df0d0
Event: 41.416 Thread 0x000002b11ac3c6f0 Thread added: 0x000002b1187ddd20
Event: 41.419 Thread 0x000002b119b46530 Thread added: 0x000002b1187dea40
Event: 41.547 Thread 0x000002b119b46530 Thread added: 0x000002b1187e4620
Event: 41.548 Thread 0x000002b119b46530 Thread added: 0x000002b1187e1ec0
Event: 47.410 Thread 0x000002b1187e4620 Thread exited: 0x000002b1187e4620
Event: 47.410 Thread 0x000002b1187df0d0 Thread exited: 0x000002b1187df0d0
Event: 47.410 Thread 0x000002b1187dea40 Thread exited: 0x000002b1187dea40
Event: 47.410 Thread 0x000002b1187e1ec0 Thread exited: 0x000002b1187e1ec0
Event: 47.410 Thread 0x000002b1187ddd20 Thread exited: 0x000002b1187ddd20
Event: 47.411 Thread 0x000002b11ac3c6f0 Thread exited: 0x000002b11ac3c6f0
Event: 54.393 Thread 0x000002b119b44460 Thread added: 0x000002b1187e1ec0


Dynamic libraries:
0x00007ff6d7bb0000 - 0x00007ff6d7bbe000 	C:\Program Files\Eclipse Adoptium\jdk-21.0.9.10-hotspot\bin\java.exe
0x00007ffe4c670000 - 0x00007ffe4c868000 	C:\Windows\SYSTEM32\ntdll.dll
0x00007ffe4c2c0000 - 0x00007ffe4c382000 	C:\Windows\System32\KERNEL32.DLL
0x00007ffe4a1e0000 - 0x00007ffe4a4d6000 	C:\Windows\System32\KERNELBASE.dll
0x00007ffe4a4e0000 - 0x00007ffe4a5e0000 	C:\Windows\System32\ucrtbase.dll
0x00007ffe212c0000 - 0x00007ffe212d8000 	C:\Program Files\Eclipse Adoptium\jdk-21.0.9.10-hotspot\bin\jli.dll
0x00007ffe4a800000 - 0x00007ffe4a9a1000 	C:\Windows\System32\USER32.dll
0x00007ffe4a000000 - 0x00007ffe4a022000 	C:\Windows\System32\win32u.dll
0x00007ffe4b840000 - 0x00007ffe4b86b000 	C:\Windows\System32\GDI32.dll
0x00007ffe49e10000 - 0x00007ffe49f29000 	C:\Windows\System32\gdi32full.dll
0x00007ffe49f60000 - 0x00007ffe49ffd000 	C:\Windows\System32\msvcp_win.dll
0x00007ffe21250000 - 0x00007ffe2126e000 	C:\Program Files\Eclipse Adoptium\jdk-21.0.9.10-hotspot\bin\VCRUNTIME140.dll
0x00007ffe269e0000 - 0x00007ffe26c7b000 	C:\Windows\WinSxS\amd64_microsoft.windows.common-controls_6595b64144ccf1df_6.0.19041.6456_none_60b8a6cb71f64256\COMCTL32.dll
0x00007ffe4b870000 - 0x00007ffe4b90e000 	C:\Windows\System32\msvcrt.dll
0x00007ffe4a9b0000 - 0x00007ffe4a9df000 	C:\Windows\System32\IMM32.DLL
0x00007ffe2af90000 - 0x00007ffe2af9c000 	C:\Program Files\Eclipse Adoptium\jdk-21.0.9.10-hotspot\bin\vcruntime140_1.dll
0x00007ffe10710000 - 0x00007ffe1079d000 	C:\Program Files\Eclipse Adoptium\jdk-21.0.9.10-hotspot\bin\msvcp140.dll
0x00007ffde1d00000 - 0x00007ffde2aa0000 	C:\Program Files\Eclipse Adoptium\jdk-21.0.9.10-hotspot\bin\server\jvm.dll
0x00007ffe4aef0000 - 0x00007ffe4afa1000 	C:\Windows\System32\ADVAPI32.dll
0x00007ffe4a9e0000 - 0x00007ffe4aa7f000 	C:\Windows\System32\sechost.dll
0x00007ffe4ba30000 - 0x00007ffe4bb50000 	C:\Windows\System32\RPCRT4.dll
0x00007ffe49f30000 - 0x00007ffe49f57000 	C:\Windows\System32\bcrypt.dll
0x00007ffe4b6f0000 - 0x00007ffe4b75b000 	C:\Windows\System32\WS2_32.dll
0x00007ffe49b60000 - 0x00007ffe49bab000 	C:\Windows\SYSTEM32\POWRPROF.dll
0x00007ffe3b140000 - 0x00007ffe3b167000 	C:\Windows\SYSTEM32\WINMM.dll
0x00007ffe45150000 - 0x00007ffe4515a000 	C:\Windows\SYSTEM32\VERSION.dll
0x00007ffe49b40000 - 0x00007ffe49b52000 	C:\Windows\SYSTEM32\UMPDC.dll
0x00007ffe47b90000 - 0x00007ffe47ba2000 	C:\Windows\SYSTEM32\kernel.appcore.dll
0x00007ffe270b0000 - 0x00007ffe270ba000 	C:\Program Files\Eclipse Adoptium\jdk-21.0.9.10-hotspot\bin\jimage.dll
0x00007ffe2d6e0000 - 0x00007ffe2d8e1000 	C:\Windows\SYSTEM32\DBGHELP.DLL
0x00007ffe2dd90000 - 0x00007ffe2ddc4000 	C:\Windows\SYSTEM32\dbgcore.DLL
0x00007ffe49d80000 - 0x00007ffe49e02000 	C:\Windows\System32\bcryptPrimitives.dll
0x00007ffe26da0000 - 0x00007ffe26daf000 	C:\Program Files\Eclipse Adoptium\jdk-21.0.9.10-hotspot\bin\instrument.dll
0x00007ffe1ea00000 - 0x00007ffe1ea20000 	C:\Program Files\Eclipse Adoptium\jdk-21.0.9.10-hotspot\bin\java.dll
0x00007ffe4bb50000 - 0x00007ffe4c2c0000 	C:\Windows\System32\SHELL32.dll
0x00007ffe47d90000 - 0x00007ffe48535000 	C:\Windows\SYSTEM32\windows.storage.dll
0x00007ffe4b010000 - 0x00007ffe4b364000 	C:\Windows\System32\combase.dll
0x00007ffe49650000 - 0x00007ffe4967b000 	C:\Windows\SYSTEM32\Wldp.dll
0x00007ffe4c560000 - 0x00007ffe4c62d000 	C:\Windows\System32\OLEAUT32.dll
0x00007ffe4b420000 - 0x00007ffe4b4cd000 	C:\Windows\System32\SHCORE.dll
0x00007ffe4b680000 - 0x00007ffe4b6db000 	C:\Windows\System32\shlwapi.dll
0x00007ffe49c30000 - 0x00007ffe49c54000 	C:\Windows\SYSTEM32\profapi.dll
0x00007ffe105c0000 - 0x00007ffe10697000 	C:\Program Files\Eclipse Adoptium\jdk-21.0.9.10-hotspot\bin\jsvml.dll
0x00007ffe1e520000 - 0x00007ffe1e538000 	C:\Program Files\Eclipse Adoptium\jdk-21.0.9.10-hotspot\bin\zip.dll
0x00007ffe264c0000 - 0x00007ffe264d0000 	C:\Program Files\Eclipse Adoptium\jdk-21.0.9.10-hotspot\bin\net.dll
0x00007ffe3cc10000 - 0x00007ffe3cd1a000 	C:\Windows\SYSTEM32\WINHTTP.dll
0x00007ffe493b0000 - 0x00007ffe4941a000 	C:\Windows\system32\mswsock.dll
0x00007ffe1e4a0000 - 0x00007ffe1e4b6000 	C:\Program Files\Eclipse Adoptium\jdk-21.0.9.10-hotspot\bin\nio.dll
0x00007ffe22bf0000 - 0x00007ffe22c00000 	C:\Program Files\Eclipse Adoptium\jdk-21.0.9.10-hotspot\bin\verify.dll
0x00007ffe22300000 - 0x00007ffe22327000 	C:\Users\Seusyn\.gradle\native\c067742578af261105cb4f569cf0c3c89f3d7b1fecec35dd04571415982c5e48\windows-amd64\native-platform.dll
0x00007ffe0f1a0000 - 0x00007ffe0f2e4000 	C:\Users\Seusyn\.gradle\native\100fb08df4bc3b14c8652ba06237920a3bd2aa13389f12d3474272988ae205f9\windows-amd64\native-platform-file-events.dll
0x00007ffe22b30000 - 0x00007ffe22b3a000 	C:\Program Files\Eclipse Adoptium\jdk-21.0.9.10-hotspot\bin\management.dll
0x00007ffe212b0000 - 0x00007ffe212bc000 	C:\Program Files\Eclipse Adoptium\jdk-21.0.9.10-hotspot\bin\management_ext.dll
0x00007ffe4b400000 - 0x00007ffe4b408000 	C:\Windows\System32\PSAPI.DLL
0x00007ffe495a0000 - 0x00007ffe495b8000 	C:\Windows\SYSTEM32\CRYPTSP.dll
0x00007ffe48cd0000 - 0x00007ffe48d08000 	C:\Windows\system32\rsaenh.dll
0x00007ffe49bb0000 - 0x00007ffe49bde000 	C:\Windows\SYSTEM32\USERENV.dll
0x00007ffe495c0000 - 0x00007ffe495cc000 	C:\Windows\SYSTEM32\CRYPTBASE.dll
0x00007ffe49090000 - 0x00007ffe490cb000 	C:\Windows\SYSTEM32\IPHLPAPI.DLL
0x00007ffe4b410000 - 0x00007ffe4b418000 	C:\Windows\System32\NSI.dll
0x00007ffe211e0000 - 0x00007ffe211e9000 	C:\Program Files\Eclipse Adoptium\jdk-21.0.9.10-hotspot\bin\extnet.dll
0x00007ffe20460000 - 0x00007ffe2046e000 	C:\Program Files\Eclipse Adoptium\jdk-21.0.9.10-hotspot\bin\sunmscapi.dll
0x00007ffe4a080000 - 0x00007ffe4a1dd000 	C:\Windows\System32\CRYPT32.dll
0x00007ffe496c0000 - 0x00007ffe496e7000 	C:\Windows\SYSTEM32\ncrypt.dll
0x00007ffe49680000 - 0x00007ffe496bb000 	C:\Windows\SYSTEM32\NTASN1.dll
0x00007ffdf95f0000 - 0x00007ffdf95f7000 	C:\Windows\system32\wshunix.dll
0x00007ffe1ec30000 - 0x00007ffe1ec47000 	C:\Windows\system32\napinsp.dll
0x00007ffe1ec10000 - 0x00007ffe1ec2b000 	C:\Windows\system32\pnrpnsp.dll
0x00007ffe1ebf0000 - 0x00007ffe1ec0d000 	C:\Windows\system32\wshbth.dll
0x00007ffe45410000 - 0x00007ffe4542d000 	C:\Windows\system32\NLAapi.dll
0x00007ffe490d0000 - 0x00007ffe4919a000 	C:\Windows\SYSTEM32\DNSAPI.dll
0x00007ffe1ebd0000 - 0x00007ffe1ebe2000 	C:\Windows\System32\winrnr.dll
0x00007ffe3c770000 - 0x00007ffe3c77a000 	C:\Windows\System32\rasadhlp.dll
0x00007ffe3c830000 - 0x00007ffe3c8b0000 	C:\Windows\System32\fwpuclnt.dll
0x00007ffe472f0000 - 0x00007ffe47384000 	C:\Windows\system32\apphelp.dll

JVMTI agents:
C:\Users\Seusyn\.gradle\wrapper\dists\gradle-8.8-bin\dl7vupf4psengwqhwktix4v1\gradle-8.8\lib\agents\gradle-instrumentation-agent-8.8.jar path:C:\Program Files\Eclipse Adoptium\jdk-21.0.9.10-hotspot\bin\instrument.dll, loaded, initialized, instrumentlib options:none

dbghelp: loaded successfully - version: 4.0.5 - missing functions: none
symbol engine: initialized successfully - sym options: 0x614 - pdb path: .;C:\Program Files\Eclipse Adoptium\jdk-21.0.9.10-hotspot\bin;C:\Windows\SYSTEM32;C:\Windows\WinSxS\amd64_microsoft.windows.common-controls_6595b64144ccf1df_6.0.19041.6456_none_60b8a6cb71f64256;C:\Program Files\Eclipse Adoptium\jdk-21.0.9.10-hotspot\bin\server;C:\Users\Seusyn\.gradle\native\c067742578af261105cb4f569cf0c3c89f3d7b1fecec35dd04571415982c5e48\windows-amd64;C:\Users\Seusyn\.gradle\native\100fb08df4bc3b14c8652ba06237920a3bd2aa13389f12d3474272988ae205f9\windows-amd64

VM Arguments:
jvm_args: --add-opens=java.base/java.util=ALL-UNNAMED --add-opens=java.base/java.lang=ALL-UNNAMED --add-opens=java.base/java.lang.invoke=ALL-UNNAMED --add-opens=java.prefs/java.util.prefs=ALL-UNNAMED --add-opens=java.base/java.nio.charset=ALL-UNNAMED --add-opens=java.base/java.net=ALL-UNNAMED --add-opens=java.base/java.util.concurrent.atomic=ALL-UNNAMED -Xmx3G -Dfile.encoding=UTF-8 -Duser.country=FR -Duser.language=fr -Duser.variant -javaagent:C:\Users\Seusyn\.gradle\wrapper\dists\gradle-8.8-bin\dl7vupf4psengwqhwktix4v1\gradle-8.8\lib\agents\gradle-instrumentation-agent-8.8.jar 
java_command: org.gradle.launcher.daemon.bootstrap.GradleDaemon 8.8
java_class_path (initial): C:\Users\Seusyn\.gradle\wrapper\dists\gradle-8.8-bin\dl7vupf4psengwqhwktix4v1\gradle-8.8\lib\gradle-launcher-8.8.jar
Launcher Type: SUN_STANDARD

[Global flags]
     intx CICompilerCount                          = 2                                         {product} {ergonomic}
     uint ConcGCThreads                            = 1                                         {product} {ergonomic}
     uint G1ConcRefinementThreads                  = 2                                         {product} {ergonomic}
   size_t G1HeapRegionSize                         = 2097152                                   {product} {ergonomic}
    uintx GCDrainStackTargetSize                   = 64                                        {product} {ergonomic}
   size_t InitialHeapSize                          = 266338304                                 {product} {ergonomic}
   size_t MarkStackSize                            = 4194304                                   {product} {ergonomic}
   size_t MaxHeapSize                              = 3221225472                                {product} {command line}
   size_t MaxNewSize                               = 1931476992                                {product} {ergonomic}
   size_t MinHeapDeltaBytes                        = 2097152                                   {product} {ergonomic}
   size_t MinHeapSize                              = 8388608                                   {product} {ergonomic}
    uintx NonNMethodCodeHeapSize                   = 5826188                                {pd product} {ergonomic}
    uintx NonProfiledCodeHeapSize                  = 122916026                              {pd product} {ergonomic}
    uintx ProfiledCodeHeapSize                     = 122916026                              {pd product} {ergonomic}
    uintx ReservedCodeCacheSize                    = 251658240                              {pd product} {ergonomic}
     bool SegmentedCodeCache                       = true                                      {product} {ergonomic}
   size_t SoftMaxHeapSize                          = 3221225472                             {manageable} {ergonomic}
     bool UseCompressedOops                        = true                           {product lp64_product} {ergonomic}
     bool UseG1GC                                  = true                                      {product} {ergonomic}
     bool UseLargePagesIndividualAllocation        = false                                  {pd product} {ergonomic}

Logging:
Log output configuration:
 #0: stdout all=warning uptime,level,tags foldmultilines=false
 #1: stderr all=off uptime,level,tags foldmultilines=false

Release file:
IMPLEMENTOR="Eclipse Adoptium" 
IMPLEMENTOR_VERSION="Temurin-21.0.9+10" 
JAVA_RUNTIME_VERSION="21.0.9+10-LTS" 
JAVA_VERSION="21.0.9" 
JAVA_VERSION_DATE="2025-10-21" 
LIBC="default" 
MODULES="java.base java.compiler java.datatransfer java.xml java.prefs java.desktop java.instrument java.logging java.management java.security.sasl java.naming java.rmi java.management.rmi java.net.http java.scripting java.security.jgss java.transaction.xa java.sql java.sql.rowset java.xml.crypto java.se java.smartcardio jdk.accessibility jdk.internal.jvmstat jdk.attach jdk.charsets jdk.internal.opt jdk.zipfs jdk.compiler jdk.crypto.ec jdk.crypto.cryptoki jdk.crypto.mscapi jdk.dynalink jdk.internal.ed jdk.editpad jdk.hotspot.agent jdk.httpserver jdk.incubator.vector jdk.internal.le jdk.internal.vm.ci jdk.internal.vm.compiler jdk.internal.vm.compiler.management jdk.jartool jdk.javadoc jdk.jcmd jdk.management jdk.management.agent jdk.jconsole jdk.jdeps jdk.jdwp.agent jdk.jdi jdk.jfr jdk.jlink jdk.jpackage jdk.jshell jdk.jsobject jdk.jstatd jdk.localedata jdk.management.jfr jdk.naming.dns jdk.naming.rmi jdk.net jdk.nio.mapmode jdk.random jdk.sctp jdk.security.auth jdk.security.jgss jdk.unsupported jdk.unsupported.desktop jdk.xml.dom" 
OS_ARCH="x86_64" 
OS_NAME="Windows" 
SOURCE=".:git:759062135b07" 
BUILD_SOURCE="git:839fa0b45d809157cffd3dc8515aad262a4a1776"
BUILD_SOURCE_REPO="https://github.com/adoptium/temurin-build.git"
SOURCE_REPO="https://github.com/adoptium/jdk21u.git"
FULL_VERSION="21.0.9+10-LTS"
SEMANTIC_VERSION="21.0.9+10"
BUILD_INFO="OS: Windows Server 2022 Version: 10.0"
JVM_VARIANT="Hotspot"
JVM_VERSION="21.0.9+10-LTS"
IMAGE_TYPE="JDK"

Environment Variables:
JAVA_HOME=C:\Program Files\Eclipse Adoptium\jdk-21.0.9.10-hotspot\
PATH=C:\Program Files\Eclipse Adoptium\jdk-21.0.9.10-hotspot\bin;C:\Program Files (x86)\Common Files\Oracle\Java\java8path;C:\Program Files (x86)\Common Files\Oracle\Java\javapath;C:\WINDOWS\system32;C:\WINDOWS;C:\WINDOWS\System32\Wbem;C:\WINDOWS\System32\WindowsPowerShell\v1.0\;C:\Program Files (x86)\NVIDIA Corporation\PhysX\Common;C:\Program Files\dotnet\;C:\Program Files\Git\cmd;C:\Ruby34-x64\bin;C:\Users\Seusyn\AppData\Local\Microsoft\WindowsApps;C:\Users\Seusyn\AppData\Local\Programs\Microsoft VS Code\bin;C:\Users\Seusyn\AppData\Local\GitHubDesktop\bin
USERNAME=Seusyn
OS=Windows_NT
PROCESSOR_IDENTIFIER=Intel64 Family 6 Model 158 Stepping 11, GenuineIntel
TMP=C:\Users\Seusyn\AppData\Local\Temp
TEMP=C:\Users\Seusyn\AppData\Local\Temp




Periodic native trim disabled

---------------  S Y S T E M  ---------------

OS:
 Windows 10 , 64 bit Build 19041 (10.0.19041.5915)
OS uptime: 5 days 19:57 hours

CPU: total 2 (initial active 2) (2 cores per cpu, 1 threads per core) family 6 model 158 stepping 11 microcode 0xb4, cx8, cmov, fxsr, mmx, 3dnowpref, sse, sse2, sse3, ssse3, sse4.1, sse4.2, popcnt, lzcnt, tsc, tscinvbit, aes, erms, clmul, clflush, clflushopt, rdtscp
Processor Information for the first 2 processors :
  Max Mhz: 3096, Current Mhz: 3096, Mhz Limit: 3096

Memory: 4k page, system-wide physical 16251M (456M free)
TotalPageFile size 31251M (AvailPageFile size 669M)
current process WorkingSet (physical memory assigned to process): 617M, peak: 617M
current process commit charge ("private bytes"): 648M, peak: 1344M

vm_info: OpenJDK 64-Bit Server VM (21.0.9+10-LTS) for windows-amd64 JRE (21.0.9+10-LTS), built on 2025-10-21T00:00:00Z by "admin" with unknown MS VC++:1942

END.
